Searching the following directory: /Users/morgan/Documents/side-projects/dirwatch/dirwatch.py
Starting main while loop in 4 seconds
unknown exception
Traceback (most recent call last):
  File "dirwatch.py", line 98, in main
    watch_directory(dir)
  File "dirwatch.py", line 40, in watch_directory
    directory = os.path.abspath(dir)
  File "/usr/local/Cellar/python@2/2.7.15_1/Frameworks/Python.framework/Versions/2.7/lib/python2.7/posixpath.py", line 360, in abspath
    if not isabs(path):
  File "/usr/local/Cellar/python@2/2.7.15_1/Frameworks/Python.framework/Versions/2.7/lib/python2.7/posixpath.py", line 54, in isabs
    return s.startswith('/')
AttributeError: 'builtin_function_or_method' object has no attribute 'startswith'
Starting main while loop in 4 seconds
unknown exception
Traceback (most recent call last):
  File "dirwatch.py", line 98, in main
    watch_directory(dir)
  File "dirwatch.py", line 40, in watch_directory
    directory = os.path.abspath(dir)
  File "/usr/local/Cellar/python@2/2.7.15_1/Frameworks/Python.framework/Versions/2.7/lib/python2.7/posixpath.py", line 360, in abspath
    if not isabs(path):
  File "/usr/local/Cellar/python@2/2.7.15_1/Frameworks/Python.framework/Versions/2.7/lib/python2.7/posixpath.py", line 54, in isabs
    return s.startswith('/')
AttributeError: 'builtin_function_or_method' object has no attribute 'startswith'
Starting main while loop in 4 seconds
unknown exception
Traceback (most recent call last):
  File "dirwatch.py", line 98, in main
    watch_directory(dir)
  File "dirwatch.py", line 40, in watch_directory
    directory = os.path.abspath(dir)
  File "/usr/local/Cellar/python@2/2.7.15_1/Frameworks/Python.framework/Versions/2.7/lib/python2.7/posixpath.py", line 360, in abspath
    if not isabs(path):
  File "/usr/local/Cellar/python@2/2.7.15_1/Frameworks/Python.framework/Versions/2.7/lib/python2.7/posixpath.py", line 54, in isabs
    return s.startswith('/')
AttributeError: 'builtin_function_or_method' object has no attribute 'startswith'
Starting main while loop in 4 seconds
unknown exception
Traceback (most recent call last):
  File "dirwatch.py", line 98, in main
    watch_directory(dir)
  File "dirwatch.py", line 40, in watch_directory
    directory = os.path.abspath(dir)
  File "/usr/local/Cellar/python@2/2.7.15_1/Frameworks/Python.framework/Versions/2.7/lib/python2.7/posixpath.py", line 360, in abspath
    if not isabs(path):
  File "/usr/local/Cellar/python@2/2.7.15_1/Frameworks/Python.framework/Versions/2.7/lib/python2.7/posixpath.py", line 54, in isabs
    return s.startswith('/')
AttributeError: 'builtin_function_or_method' object has no attribute 'startswith'
Starting main while loop in 4 seconds
unknown exception
Traceback (most recent call last):
  File "dirwatch.py", line 98, in main
    watch_directory(dir)
  File "dirwatch.py", line 40, in watch_directory
    directory = os.path.abspath(dir)
  File "/usr/local/Cellar/python@2/2.7.15_1/Frameworks/Python.framework/Versions/2.7/lib/python2.7/posixpath.py", line 360, in abspath
    if not isabs(path):
  File "/usr/local/Cellar/python@2/2.7.15_1/Frameworks/Python.framework/Versions/2.7/lib/python2.7/posixpath.py", line 54, in isabs
    return s.startswith('/')
AttributeError: 'builtin_function_or_method' object has no attribute 'startswith'
Starting main while loop in 4 seconds
unknown exception
Traceback (most recent call last):
  File "dirwatch.py", line 98, in main
    watch_directory(dir)
  File "dirwatch.py", line 40, in watch_directory
    directory = os.path.abspath(dir)
  File "/usr/local/Cellar/python@2/2.7.15_1/Frameworks/Python.framework/Versions/2.7/lib/python2.7/posixpath.py", line 360, in abspath
    if not isabs(path):
  File "/usr/local/Cellar/python@2/2.7.15_1/Frameworks/Python.framework/Versions/2.7/lib/python2.7/posixpath.py", line 54, in isabs
    return s.startswith('/')
AttributeError: 'builtin_function_or_method' object has no attribute 'startswith'
Starting main while loop in 4 seconds
unknown exception
Traceback (most recent call last):
  File "dirwatch.py", line 98, in main
    watch_directory(dir)
  File "dirwatch.py", line 40, in watch_directory
    directory = os.path.abspath(dir)
  File "/usr/local/Cellar/python@2/2.7.15_1/Frameworks/Python.framework/Versions/2.7/lib/python2.7/posixpath.py", line 360, in abspath
    if not isabs(path):
  File "/usr/local/Cellar/python@2/2.7.15_1/Frameworks/Python.framework/Versions/2.7/lib/python2.7/posixpath.py", line 54, in isabs
    return s.startswith('/')
AttributeError: 'builtin_function_or_method' object has no attribute 'startswith'
Starting main while loop in 4 seconds
unknown exception
Traceback (most recent call last):
  File "dirwatch.py", line 98, in main
    watch_directory(dir)
  File "dirwatch.py", line 40, in watch_directory
    directory = os.path.abspath(dir)
  File "/usr/local/Cellar/python@2/2.7.15_1/Frameworks/Python.framework/Versions/2.7/lib/python2.7/posixpath.py", line 360, in abspath
    if not isabs(path):
  File "/usr/local/Cellar/python@2/2.7.15_1/Frameworks/Python.framework/Versions/2.7/lib/python2.7/posixpath.py", line 54, in isabs
    return s.startswith('/')
AttributeError: 'builtin_function_or_method' object has no attribute 'startswith'
Starting main while loop in 4 seconds
unknown exception
Traceback (most recent call last):
  File "dirwatch.py", line 98, in main
    watch_directory(dir)
  File "dirwatch.py", line 40, in watch_directory
    directory = os.path.abspath(dir)
  File "/usr/local/Cellar/python@2/2.7.15_1/Frameworks/Python.framework/Versions/2.7/lib/python2.7/posixpath.py", line 360, in abspath
    if not isabs(path):
  File "/usr/local/Cellar/python@2/2.7.15_1/Frameworks/Python.framework/Versions/2.7/lib/python2.7/posixpath.py", line 54, in isabs
    return s.startswith('/')
AttributeError: 'builtin_function_or_method' object has no attribute 'startswith'
Got signal: 2
time running: 70.8625369072 seconds
Searching the following directory: /Users/morgan/Documents/side-projects/dirwatch/dirwatch.py
Starting main while loop in 4 seconds
unknown exception
Traceback (most recent call last):
  File "dirwatch.py", line 98, in main
    watch_directory(dir)
  File "dirwatch.py", line 40, in watch_directory
    directory = os.path.relpath(os.gcwd)
AttributeError: 'module' object has no attribute 'gcwd'
Starting main while loop in 4 seconds
unknown exception
Traceback (most recent call last):
  File "dirwatch.py", line 98, in main
    watch_directory(dir)
  File "dirwatch.py", line 40, in watch_directory
    directory = os.path.relpath(os.gcwd)
AttributeError: 'module' object has no attribute 'gcwd'
Starting main while loop in 4 seconds
unknown exception
Traceback (most recent call last):
  File "dirwatch.py", line 98, in main
    watch_directory(dir)
  File "dirwatch.py", line 40, in watch_directory
    directory = os.path.relpath(os.gcwd)
AttributeError: 'module' object has no attribute 'gcwd'
Starting main while loop in 4 seconds
unknown exception
Traceback (most recent call last):
  File "dirwatch.py", line 98, in main
    watch_directory(dir)
  File "dirwatch.py", line 40, in watch_directory
    directory = os.path.relpath(os.gcwd)
AttributeError: 'module' object has no attribute 'gcwd'
Starting main while loop in 4 seconds
unknown exception
Traceback (most recent call last):
  File "dirwatch.py", line 98, in main
    watch_directory(dir)
  File "dirwatch.py", line 40, in watch_directory
    directory = os.path.relpath(os.gcwd)
AttributeError: 'module' object has no attribute 'gcwd'
Starting main while loop in 4 seconds
unknown exception
Traceback (most recent call last):
  File "dirwatch.py", line 98, in main
    watch_directory(dir)
  File "dirwatch.py", line 40, in watch_directory
    directory = os.path.relpath(os.gcwd)
AttributeError: 'module' object has no attribute 'gcwd'
Starting main while loop in 4 seconds
unknown exception
Traceback (most recent call last):
  File "dirwatch.py", line 98, in main
    watch_directory(dir)
  File "dirwatch.py", line 40, in watch_directory
    directory = os.path.relpath(os.gcwd)
AttributeError: 'module' object has no attribute 'gcwd'
Starting main while loop in 4 seconds
unknown exception
Traceback (most recent call last):
  File "dirwatch.py", line 98, in main
    watch_directory(dir)
  File "dirwatch.py", line 40, in watch_directory
    directory = os.path.relpath(os.gcwd)
AttributeError: 'module' object has no attribute 'gcwd'
Starting main while loop in 4 seconds
unknown exception
Traceback (most recent call last):
  File "dirwatch.py", line 98, in main
    watch_directory(dir)
  File "dirwatch.py", line 40, in watch_directory
    directory = os.path.relpath(os.gcwd)
AttributeError: 'module' object has no attribute 'gcwd'
Starting main while loop in 4 seconds
unknown exception
Traceback (most recent call last):
  File "dirwatch.py", line 98, in main
    watch_directory(dir)
  File "dirwatch.py", line 40, in watch_directory
    directory = os.path.relpath(os.gcwd)
AttributeError: 'module' object has no attribute 'gcwd'
Got signal: 2
Starting main while loop in 4 seconds
unknown exception
Traceback (most recent call last):
  File "dirwatch.py", line 98, in main
    watch_directory(dir)
  File "dirwatch.py", line 40, in watch_directory
    directory = os.path.relpath(os.gcwd)
AttributeError: 'module' object has no attribute 'gcwd'
time running: 86.1848158836 seconds
Searching the following directory: test
Starting main while loop in 4 seconds
unknown exception
Traceback (most recent call last):
  File "dirwatch.py", line 100, in main
    watch_directory(dir)
  File "dirwatch.py", line 41, in watch_directory
    directory = path.join([os.path.relpath(os.gcwd), "/", dir])
AttributeError: 'module' object has no attribute 'gcwd'
Starting main while loop in 4 seconds
unknown exception
Traceback (most recent call last):
  File "dirwatch.py", line 100, in main
    watch_directory(dir)
  File "dirwatch.py", line 41, in watch_directory
    directory = path.join([os.path.relpath(os.gcwd), "/", dir])
AttributeError: 'module' object has no attribute 'gcwd'
Starting main while loop in 4 seconds
unknown exception
Traceback (most recent call last):
  File "dirwatch.py", line 100, in main
    watch_directory(dir)
  File "dirwatch.py", line 41, in watch_directory
    directory = path.join([os.path.relpath(os.gcwd), "/", dir])
AttributeError: 'module' object has no attribute 'gcwd'
Starting main while loop in 4 seconds
unknown exception
Traceback (most recent call last):
  File "dirwatch.py", line 100, in main
    watch_directory(dir)
  File "dirwatch.py", line 41, in watch_directory
    directory = path.join([os.path.relpath(os.gcwd), "/", dir])
AttributeError: 'module' object has no attribute 'gcwd'
Starting main while loop in 4 seconds
unknown exception
Traceback (most recent call last):
  File "dirwatch.py", line 100, in main
    watch_directory(dir)
  File "dirwatch.py", line 41, in watch_directory
    directory = path.join([os.path.relpath(os.gcwd), "/", dir])
AttributeError: 'module' object has no attribute 'gcwd'
Starting main while loop in 4 seconds
unknown exception
Traceback (most recent call last):
  File "dirwatch.py", line 100, in main
    watch_directory(dir)
  File "dirwatch.py", line 41, in watch_directory
    directory = path.join([os.path.relpath(os.gcwd), "/", dir])
AttributeError: 'module' object has no attribute 'gcwd'
Starting main while loop in 4 seconds
unknown exception
Traceback (most recent call last):
  File "dirwatch.py", line 100, in main
    watch_directory(dir)
  File "dirwatch.py", line 41, in watch_directory
    directory = path.join([os.path.relpath(os.gcwd), "/", dir])
AttributeError: 'module' object has no attribute 'gcwd'
Starting main while loop in 4 seconds
unknown exception
Traceback (most recent call last):
  File "dirwatch.py", line 100, in main
    watch_directory(dir)
  File "dirwatch.py", line 41, in watch_directory
    directory = path.join([os.path.relpath(os.gcwd), "/", dir])
AttributeError: 'module' object has no attribute 'gcwd'
Starting main while loop in 4 seconds
unknown exception
Traceback (most recent call last):
  File "dirwatch.py", line 100, in main
    watch_directory(dir)
  File "dirwatch.py", line 41, in watch_directory
    directory = path.join([os.path.relpath(os.gcwd), "/", dir])
AttributeError: 'module' object has no attribute 'gcwd'
Starting main while loop in 4 seconds
unknown exception
Traceback (most recent call last):
  File "dirwatch.py", line 100, in main
    watch_directory(dir)
  File "dirwatch.py", line 41, in watch_directory
    directory = path.join([os.path.relpath(os.gcwd), "/", dir])
AttributeError: 'module' object has no attribute 'gcwd'
Starting main while loop in 4 seconds
unknown exception
Traceback (most recent call last):
  File "dirwatch.py", line 100, in main
    try:
  File "dirwatch.py", line 41, in watch_directory
    directory = path.join([os.path.relpath(os.gcwd), "/", dir])
AttributeError: 'module' object has no attribute 'gcwd'
Starting main while loop in 4 seconds
unknown exception
Traceback (most recent call last):
  File "dirwatch.py", line 100, in main
    )
  File "dirwatch.py", line 41, in watch_directory
    directory = path.join([os.path.relpath(os.gcwd), "/", dir])
AttributeError: 'module' object has no attribute 'gcwd'
Starting main while loop in 4 seconds
unknown exception
Traceback (most recent call last):
  File "dirwatch.py", line 100, in main
    "Starting main while loop in {} seconds".format(args.interval)
  File "dirwatch.py", line 41, in watch_directory
    directory = path.join([os.path.relpath(os.gcwd), "/", dir])
AttributeError: 'module' object has no attribute 'gcwd'
Starting main while loop in 4 seconds
unknown exception
Traceback (most recent call last):
  File "dirwatch.py", line 100, in main
    "Starting main while loop in {} seconds".format(args.interval)
  File "dirwatch.py", line 41, in watch_directory
    directory = path.join([os.path.relpath(os.gcwd), "/", dir])
AttributeError: 'module' object has no attribute 'gcwd'
Starting main while loop in 4 seconds
unknown exception
Traceback (most recent call last):
  File "dirwatch.py", line 100, in main
    "Starting main while loop in {} seconds".format(args.interval)
  File "dirwatch.py", line 41, in watch_directory
    directory = path.join([os.path.relpath(os.gcwd), "/", dir])
AttributeError: 'module' object has no attribute 'gcwd'
Starting main while loop in 4 seconds
unknown exception
Traceback (most recent call last):
  File "dirwatch.py", line 100, in main
    "Starting main while loop in {} seconds".format(args.interval)
  File "dirwatch.py", line 41, in watch_directory
    directory = path.join([os.path.relpath(os.gcwd), "/", dir])
AttributeError: 'module' object has no attribute 'gcwd'
Starting main while loop in 4 seconds
unknown exception
Traceback (most recent call last):
  File "dirwatch.py", line 100, in main
    "Starting main while loop in {} seconds".format(args.interval)
  File "dirwatch.py", line 41, in watch_directory
    directory = path.join([os.path.relpath(os.gcwd), "/", dir])
AttributeError: 'module' object has no attribute 'gcwd'
Starting main while loop in 4 seconds
unknown exception
Traceback (most recent call last):
  File "dirwatch.py", line 100, in main
    "Starting main while loop in {} seconds".format(args.interval)
  File "dirwatch.py", line 41, in watch_directory
    directory = path.join([os.path.relpath(os.gcwd), "/", dir])
AttributeError: 'module' object has no attribute 'gcwd'
Starting main while loop in 4 seconds
unknown exception
Traceback (most recent call last):
  File "dirwatch.py", line 100, in main
    "Starting main while loop in {} seconds".format(args.interval)
  File "dirwatch.py", line 41, in watch_directory
    directory = path.join([os.path.relpath(os.gcwd), "/", dir])
AttributeError: 'module' object has no attribute 'gcwd'
Starting main while loop in 4 seconds
unknown exception
Traceback (most recent call last):
  File "dirwatch.py", line 100, in main
    "Starting main while loop in {} seconds".format(args.interval)
  File "dirwatch.py", line 41, in watch_directory
    directory = path.join([os.path.relpath(os.gcwd), "/", dir])
AttributeError: 'module' object has no attribute 'gcwd'
Starting main while loop in 4 seconds
unknown exception
Traceback (most recent call last):
  File "dirwatch.py", line 100, in main
    "Starting main while loop in {} seconds".format(args.interval)
  File "dirwatch.py", line 41, in watch_directory
    directory = path.join([os.path.relpath(os.gcwd), "/", dir])
AttributeError: 'module' object has no attribute 'gcwd'
Starting main while loop in 4 seconds
unknown exception
Traceback (most recent call last):
  File "dirwatch.py", line 100, in main
    "Starting main while loop in {} seconds".format(args.interval)
  File "dirwatch.py", line 41, in watch_directory
    directory = path.join([os.path.relpath(os.gcwd), "/", dir])
AttributeError: 'module' object has no attribute 'gcwd'
Starting main while loop in 4 seconds
unknown exception
Traceback (most recent call last):
  File "dirwatch.py", line 100, in main
    "Starting main while loop in {} seconds".format(args.interval)
  File "dirwatch.py", line 41, in watch_directory
    directory = path.join([os.path.relpath(os.gcwd), "/", dir])
AttributeError: 'module' object has no attribute 'gcwd'
Starting main while loop in 4 seconds
unknown exception
Traceback (most recent call last):
  File "dirwatch.py", line 100, in main
    "Starting main while loop in {} seconds".format(args.interval)
  File "dirwatch.py", line 41, in watch_directory
    directory = path.join([os.path.relpath(os.gcwd), "/", dir])
AttributeError: 'module' object has no attribute 'gcwd'
Starting main while loop in 4 seconds
unknown exception
Traceback (most recent call last):
  File "dirwatch.py", line 100, in main
    "Starting main while loop in {} seconds".format(args.interval)
  File "dirwatch.py", line 41, in watch_directory
    directory = path.join([os.path.relpath(os.gcwd), "/", dir])
AttributeError: 'module' object has no attribute 'gcwd'
Starting main while loop in 4 seconds
unknown exception
Traceback (most recent call last):
  File "dirwatch.py", line 100, in main
    "Starting main while loop in {} seconds".format(args.interval)
  File "dirwatch.py", line 41, in watch_directory
    directory = path.join([os.path.relpath(os.gcwd), "/", dir])
AttributeError: 'module' object has no attribute 'gcwd'
Starting main while loop in 4 seconds
unknown exception
Traceback (most recent call last):
  File "dirwatch.py", line 100, in main
    "Starting main while loop in {} seconds".format(args.interval)
  File "dirwatch.py", line 41, in watch_directory
    directory = path.join([os.path.relpath(os.gcwd), "/", dir])
AttributeError: 'module' object has no attribute 'gcwd'
Starting main while loop in 4 seconds
unknown exception
Traceback (most recent call last):
  File "dirwatch.py", line 100, in main
    "Starting main while loop in {} seconds".format(args.interval)
  File "dirwatch.py", line 41, in watch_directory
    directory = path.join([os.path.relpath(os.gcwd), "/", dir])
AttributeError: 'module' object has no attribute 'gcwd'
Starting main while loop in 4 seconds
unknown exception
Traceback (most recent call last):
  File "dirwatch.py", line 100, in main
    "Starting main while loop in {} seconds".format(args.interval)
  File "dirwatch.py", line 41, in watch_directory
    directory = path.join([os.path.relpath(os.gcwd), "/", dir])
AttributeError: 'module' object has no attribute 'gcwd'
Starting main while loop in 4 seconds
unknown exception
Traceback (most recent call last):
  File "dirwatch.py", line 100, in main
    "Starting main while loop in {} seconds".format(args.interval)
  File "dirwatch.py", line 41, in watch_directory
    directory = path.join([os.path.relpath(os.gcwd), "/", dir])
AttributeError: 'module' object has no attribute 'gcwd'
Starting main while loop in 4 seconds
unknown exception
Traceback (most recent call last):
  File "dirwatch.py", line 100, in main
    "Starting main while loop in {} seconds".format(args.interval)
  File "dirwatch.py", line 41, in watch_directory
    directory = path.join([os.path.relpath(os.gcwd), "/", dir])
AttributeError: 'module' object has no attribute 'gcwd'
Starting main while loop in 4 seconds
unknown exception
Traceback (most recent call last):
  File "dirwatch.py", line 100, in main
    "Starting main while loop in {} seconds".format(args.interval)
  File "dirwatch.py", line 41, in watch_directory
    directory = path.join([os.path.relpath(os.gcwd), "/", dir])
AttributeError: 'module' object has no attribute 'gcwd'
Starting main while loop in 4 seconds
unknown exception
Traceback (most recent call last):
  File "dirwatch.py", line 100, in main
    "Starting main while loop in {} seconds".format(args.interval)
  File "dirwatch.py", line 41, in watch_directory
    directory = path.join([os.path.relpath(os.gcwd), "/", dir])
AttributeError: 'module' object has no attribute 'gcwd'
Starting main while loop in 4 seconds
unknown exception
Traceback (most recent call last):
  File "dirwatch.py", line 100, in main
    "Starting main while loop in {} seconds".format(args.interval)
  File "dirwatch.py", line 41, in watch_directory
    directory = path.join([os.path.relpath(os.gcwd), "/", dir])
AttributeError: 'module' object has no attribute 'gcwd'
Starting main while loop in 4 seconds
unknown exception
Traceback (most recent call last):
  File "dirwatch.py", line 100, in main
    "Starting main while loop in {} seconds".format(args.interval)
  File "dirwatch.py", line 41, in watch_directory
    directory = path.join([os.path.relpath(os.gcwd), "/", dir])
AttributeError: 'module' object has no attribute 'gcwd'
Starting main while loop in 4 seconds
unknown exception
Traceback (most recent call last):
  File "dirwatch.py", line 100, in main
    "Starting main while loop in {} seconds".format(args.interval)
  File "dirwatch.py", line 41, in watch_directory
    directory = path.join([os.path.relpath(os.gcwd), "/", dir])
AttributeError: 'module' object has no attribute 'gcwd'
Starting main while loop in 4 seconds
unknown exception
Traceback (most recent call last):
  File "dirwatch.py", line 100, in main
    "Starting main while loop in {} seconds".format(args.interval)
  File "dirwatch.py", line 41, in watch_directory
    directory = path.join([os.path.relpath(os.gcwd), "/", dir])
AttributeError: 'module' object has no attribute 'gcwd'
Starting main while loop in 4 seconds
unknown exception
Traceback (most recent call last):
  File "dirwatch.py", line 100, in main
    "Starting main while loop in {} seconds".format(args.interval)
  File "dirwatch.py", line 41, in watch_directory
    directory = path.join([os.path.relpath(os.gcwd), "/", dir])
AttributeError: 'module' object has no attribute 'gcwd'
Starting main while loop in 4 seconds
unknown exception
Traceback (most recent call last):
  File "dirwatch.py", line 100, in main
    "Starting main while loop in {} seconds".format(args.interval)
  File "dirwatch.py", line 41, in watch_directory
    directory = path.join([os.path.relpath(os.gcwd), "/", dir])
AttributeError: 'module' object has no attribute 'gcwd'
Starting main while loop in 4 seconds
unknown exception
Traceback (most recent call last):
  File "dirwatch.py", line 100, in main
    "Starting main while loop in {} seconds".format(args.interval)
  File "dirwatch.py", line 41, in watch_directory
    directory = path.join([os.path.relpath(os.gcwd), "/", dir])
AttributeError: 'module' object has no attribute 'gcwd'
Starting main while loop in 4 seconds
unknown exception
Traceback (most recent call last):
  File "dirwatch.py", line 100, in main
    "Starting main while loop in {} seconds".format(args.interval)
  File "dirwatch.py", line 41, in watch_directory
    directory = path.join([os.path.relpath(os.gcwd), "/", dir])
AttributeError: 'module' object has no attribute 'gcwd'
Starting main while loop in 4 seconds
unknown exception
Traceback (most recent call last):
  File "dirwatch.py", line 100, in main
    "Starting main while loop in {} seconds".format(args.interval)
  File "dirwatch.py", line 41, in watch_directory
    directory = path.join([os.path.relpath(os.gcwd), "/", dir])
AttributeError: 'module' object has no attribute 'gcwd'
Starting main while loop in 4 seconds
unknown exception
Traceback (most recent call last):
  File "dirwatch.py", line 100, in main
    "Starting main while loop in {} seconds".format(args.interval)
  File "dirwatch.py", line 41, in watch_directory
    directory = path.join([os.path.relpath(os.gcwd), "/", dir])
AttributeError: 'module' object has no attribute 'gcwd'
Starting main while loop in 4 seconds
unknown exception
Traceback (most recent call last):
  File "dirwatch.py", line 100, in main
    "Starting main while loop in {} seconds".format(args.interval)
  File "dirwatch.py", line 41, in watch_directory
    directory = path.join([os.path.relpath(os.gcwd), "/", dir])
AttributeError: 'module' object has no attribute 'gcwd'
Starting main while loop in 4 seconds
unknown exception
Traceback (most recent call last):
  File "dirwatch.py", line 100, in main
    "Starting main while loop in {} seconds".format(args.interval)
  File "dirwatch.py", line 41, in watch_directory
    directory = path.join([os.path.relpath(os.gcwd), "/", dir])
AttributeError: 'module' object has no attribute 'gcwd'
Starting main while loop in 4 seconds
unknown exception
Traceback (most recent call last):
  File "dirwatch.py", line 100, in main
    "Starting main while loop in {} seconds".format(args.interval)
  File "dirwatch.py", line 41, in watch_directory
    directory = path.join([os.path.relpath(os.getcwd), "/", dir])
AttributeError: 'module' object has no attribute 'gcwd'
Starting main while loop in 4 seconds
unknown exception
Traceback (most recent call last):
  File "dirwatch.py", line 100, in main
    "Starting main while loop in {} seconds".format(args.interval)
  File "dirwatch.py", line 41, in watch_directory
    directory = path.join([os.path.relpath(os.getcwd), "/", dir])
AttributeError: 'module' object has no attribute 'gcwd'
Starting main while loop in 4 seconds
unknown exception
Traceback (most recent call last):
  File "dirwatch.py", line 100, in main
    "Starting main while loop in {} seconds".format(args.interval)
  File "dirwatch.py", line 41, in watch_directory
    directory = path.join([os.path.relpath(os.getcwd), "/", dir])
AttributeError: 'module' object has no attribute 'gcwd'
Starting main while loop in 4 seconds
unknown exception
Traceback (most recent call last):
  File "dirwatch.py", line 100, in main
    "Starting main while loop in {} seconds".format(args.interval)
  File "dirwatch.py", line 41, in watch_directory
    directory = path.join([os.path.relpath(os.getcwd), "/", dir])
AttributeError: 'module' object has no attribute 'gcwd'
Starting main while loop in 4 seconds
unknown exception
Traceback (most recent call last):
  File "dirwatch.py", line 100, in main
    "Starting main while loop in {} seconds".format(args.interval)
  File "dirwatch.py", line 41, in watch_directory
    directory = path.join([os.path.relpath(os.getcwd), "/", dir])
AttributeError: 'module' object has no attribute 'gcwd'
Starting main while loop in 4 seconds
unknown exception
Traceback (most recent call last):
  File "dirwatch.py", line 100, in main
    "Starting main while loop in {} seconds".format(args.interval)
  File "dirwatch.py", line 41, in watch_directory
    directory = path.join([os.path.relpath(os.getcwd), "/", dir])
AttributeError: 'module' object has no attribute 'gcwd'
Starting main while loop in 4 seconds
unknown exception
Traceback (most recent call last):
  File "dirwatch.py", line 100, in main
    "Starting main while loop in {} seconds".format(args.interval)
  File "dirwatch.py", line 41, in watch_directory
    directory = path.join([os.path.relpath(os.getcwd), "/", dir])
AttributeError: 'module' object has no attribute 'gcwd'
Starting main while loop in 4 seconds
unknown exception
Traceback (most recent call last):
  File "dirwatch.py", line 100, in main
    "Starting main while loop in {} seconds".format(args.interval)
  File "dirwatch.py", line 41, in watch_directory
    directory = path.join([os.path.relpath(os.getcwd), "/", dir])
AttributeError: 'module' object has no attribute 'gcwd'
Starting main while loop in 4 seconds
unknown exception
Traceback (most recent call last):
  File "dirwatch.py", line 100, in main
    "Starting main while loop in {} seconds".format(args.interval)
  File "dirwatch.py", line 41, in watch_directory
    directory = path.join([os.path.relpath(os.getcwd), "/", dir])
AttributeError: 'module' object has no attribute 'gcwd'
Starting main while loop in 4 seconds
unknown exception
Traceback (most recent call last):
  File "dirwatch.py", line 100, in main
    "Starting main while loop in {} seconds".format(args.interval)
  File "dirwatch.py", line 41, in watch_directory
    directory = path.join([os.path.relpath(os.getcwd), "/", dir])
AttributeError: 'module' object has no attribute 'gcwd'
Starting main while loop in 4 seconds
unknown exception
Traceback (most recent call last):
  File "dirwatch.py", line 100, in main
    "Starting main while loop in {} seconds".format(args.interval)
  File "dirwatch.py", line 41, in watch_directory
    directory = path.join([os.path.relpath(os.getcwd), "/", dir])
AttributeError: 'module' object has no attribute 'gcwd'
Starting main while loop in 4 seconds
unknown exception
Traceback (most recent call last):
  File "dirwatch.py", line 100, in main
    "Starting main while loop in {} seconds".format(args.interval)
  File "dirwatch.py", line 41, in watch_directory
    directory = path.join([os.path.relpath(os.getcwd), "/", dir])
AttributeError: 'module' object has no attribute 'gcwd'
Starting main while loop in 4 seconds
unknown exception
Traceback (most recent call last):
  File "dirwatch.py", line 100, in main
    "Starting main while loop in {} seconds".format(args.interval)
  File "dirwatch.py", line 41, in watch_directory
    directory = path.join([os.path.relpath(os.getcwd), "/", dir])
AttributeError: 'module' object has no attribute 'gcwd'
Starting main while loop in 4 seconds
unknown exception
Traceback (most recent call last):
  File "dirwatch.py", line 100, in main
    "Starting main while loop in {} seconds".format(args.interval)
  File "dirwatch.py", line 41, in watch_directory
    directory = path.join([os.path.relpath(os.getcwd), "/", dir])
AttributeError: 'module' object has no attribute 'gcwd'
Starting main while loop in 4 seconds
unknown exception
Traceback (most recent call last):
  File "dirwatch.py", line 100, in main
    "Starting main while loop in {} seconds".format(args.interval)
  File "dirwatch.py", line 41, in watch_directory
    directory = path.join([os.path.relpath(os.getcwd), "/", dir])
AttributeError: 'module' object has no attribute 'gcwd'
Starting main while loop in 4 seconds
unknown exception
Traceback (most recent call last):
  File "dirwatch.py", line 100, in main
    "Starting main while loop in {} seconds".format(args.interval)
  File "dirwatch.py", line 41, in watch_directory
    directory = path.join([os.path.relpath(os.getcwd), "/", dir])
AttributeError: 'module' object has no attribute 'gcwd'
Starting main while loop in 4 seconds
unknown exception
Traceback (most recent call last):
  File "dirwatch.py", line 100, in main
    "Starting main while loop in {} seconds".format(args.interval)
  File "dirwatch.py", line 41, in watch_directory
    directory = path.join([os.path.relpath(os.getcwd), "/", dir])
AttributeError: 'module' object has no attribute 'gcwd'
Starting main while loop in 4 seconds
unknown exception
Traceback (most recent call last):
  File "dirwatch.py", line 100, in main
    "Starting main while loop in {} seconds".format(args.interval)
  File "dirwatch.py", line 41, in watch_directory
    directory = path.join([os.path.relpath(os.getcwd), "/", dir])
AttributeError: 'module' object has no attribute 'gcwd'
Starting main while loop in 4 seconds
unknown exception
Traceback (most recent call last):
  File "dirwatch.py", line 100, in main
    "Starting main while loop in {} seconds".format(args.interval)
  File "dirwatch.py", line 41, in watch_directory
    directory = path.join([os.path.relpath(os.getcwd), "/", dir])
AttributeError: 'module' object has no attribute 'gcwd'
Starting main while loop in 4 seconds
unknown exception
Traceback (most recent call last):
  File "dirwatch.py", line 100, in main
    "Starting main while loop in {} seconds".format(args.interval)
  File "dirwatch.py", line 41, in watch_directory
    directory = path.join([os.path.relpath(os.getcwd), "/", dir])
AttributeError: 'module' object has no attribute 'gcwd'
Starting main while loop in 4 seconds
unknown exception
Traceback (most recent call last):
  File "dirwatch.py", line 100, in main
    "Starting main while loop in {} seconds".format(args.interval)
  File "dirwatch.py", line 41, in watch_directory
    directory = path.join([os.path.relpath(os.getcwd), "/", dir])
AttributeError: 'module' object has no attribute 'gcwd'
Starting main while loop in 4 seconds
unknown exception
Traceback (most recent call last):
  File "dirwatch.py", line 100, in main
    "Starting main while loop in {} seconds".format(args.interval)
  File "dirwatch.py", line 41, in watch_directory
    directory = path.join([os.path.relpath(os.getcwd), "/", dir])
AttributeError: 'module' object has no attribute 'gcwd'
Starting main while loop in 4 seconds
unknown exception
Traceback (most recent call last):
  File "dirwatch.py", line 100, in main
    "Starting main while loop in {} seconds".format(args.interval)
  File "dirwatch.py", line 41, in watch_directory
    directory = path.join([os.path.relpath(os.getcwd), "/", dir])
AttributeError: 'module' object has no attribute 'gcwd'
Starting main while loop in 4 seconds
unknown exception
Traceback (most recent call last):
  File "dirwatch.py", line 100, in main
    "Starting main while loop in {} seconds".format(args.interval)
  File "dirwatch.py", line 41, in watch_directory
    directory = path.join([os.path.relpath(os.getcwd), "/", dir])
AttributeError: 'module' object has no attribute 'gcwd'
Starting main while loop in 4 seconds
unknown exception
Traceback (most recent call last):
  File "dirwatch.py", line 100, in main
    "Starting main while loop in {} seconds".format(args.interval)
  File "dirwatch.py", line 41, in watch_directory
    directory = path.join([os.path.relpath(os.getcwd), "/", dir])
AttributeError: 'module' object has no attribute 'gcwd'
Starting main while loop in 4 seconds
unknown exception
Traceback (most recent call last):
  File "dirwatch.py", line 100, in main
    "Starting main while loop in {} seconds".format(args.interval)
  File "dirwatch.py", line 41, in watch_directory
    directory = path.join([os.path.relpath(os.getcwd), "/", dir])
AttributeError: 'module' object has no attribute 'gcwd'
Starting main while loop in 4 seconds
unknown exception
Traceback (most recent call last):
  File "dirwatch.py", line 100, in main
    "Starting main while loop in {} seconds".format(args.interval)
  File "dirwatch.py", line 41, in watch_directory
    directory = path.join([os.path.relpath(os.getcwd), "/", dir])
AttributeError: 'module' object has no attribute 'gcwd'
Starting main while loop in 4 seconds
unknown exception
Traceback (most recent call last):
  File "dirwatch.py", line 100, in main
    "Starting main while loop in {} seconds".format(args.interval)
  File "dirwatch.py", line 41, in watch_directory
    directory = path.join([os.path.relpath(os.getcwd), "/", dir])
AttributeError: 'module' object has no attribute 'gcwd'
Starting main while loop in 4 seconds
unknown exception
Traceback (most recent call last):
  File "dirwatch.py", line 100, in main
    "Starting main while loop in {} seconds".format(args.interval)
  File "dirwatch.py", line 41, in watch_directory
    directory = path.join([os.path.relpath(os.getcwd), "/", dir])
AttributeError: 'module' object has no attribute 'gcwd'
Starting main while loop in 4 seconds
unknown exception
Traceback (most recent call last):
  File "dirwatch.py", line 100, in main
    "Starting main while loop in {} seconds".format(args.interval)
  File "dirwatch.py", line 41, in watch_directory
    directory = path.join([os.path.relpath(os.getcwd), "/", dir])
AttributeError: 'module' object has no attribute 'gcwd'
Starting main while loop in 4 seconds
unknown exception
Traceback (most recent call last):
  File "dirwatch.py", line 100, in main
    "Starting main while loop in {} seconds".format(args.interval)
  File "dirwatch.py", line 41, in watch_directory
    directory = path.join([os.path.relpath(os.getcwd), "/", dir])
AttributeError: 'module' object has no attribute 'gcwd'
Starting main while loop in 4 seconds
unknown exception
Traceback (most recent call last):
  File "dirwatch.py", line 100, in main
    "Starting main while loop in {} seconds".format(args.interval)
  File "dirwatch.py", line 41, in watch_directory
    directory = path.join([os.path.relpath(os.getcwd), "/", dir])
AttributeError: 'module' object has no attribute 'gcwd'
Starting main while loop in 4 seconds
unknown exception
Traceback (most recent call last):
  File "dirwatch.py", line 100, in main
    "Starting main while loop in {} seconds".format(args.interval)
  File "dirwatch.py", line 41, in watch_directory
    directory = path.join([os.path.relpath(os.getcwd), "/", dir])
AttributeError: 'module' object has no attribute 'gcwd'
Starting main while loop in 4 seconds
unknown exception
Traceback (most recent call last):
  File "dirwatch.py", line 100, in main
    "Starting main while loop in {} seconds".format(args.interval)
  File "dirwatch.py", line 41, in watch_directory
    directory = path.join([os.path.relpath(os.getcwd), "/", dir])
AttributeError: 'module' object has no attribute 'gcwd'
Starting main while loop in 4 seconds
unknown exception
Traceback (most recent call last):
  File "dirwatch.py", line 100, in main
    
  File "dirwatch.py", line 41, in watch_directory
    for k, v in file_dict.items():
AttributeError: 'module' object has no attribute 'gcwd'
Starting main while loop in 4 seconds
unknown exception
Traceback (most recent call last):
  File "dirwatch.py", line 100, in main
    
  File "dirwatch.py", line 41, in watch_directory
    for k, v in file_dict.items():
AttributeError: 'module' object has no attribute 'gcwd'
Starting main while loop in 4 seconds
unknown exception
Traceback (most recent call last):
  File "dirwatch.py", line 100, in main
    
  File "dirwatch.py", line 41, in watch_directory
    for k, v in file_dict.items():
AttributeError: 'module' object has no attribute 'gcwd'
Starting main while loop in 4 seconds
unknown exception
Traceback (most recent call last):
  File "dirwatch.py", line 100, in main
    
  File "dirwatch.py", line 41, in watch_directory
    for k, v in file_dict.items():
AttributeError: 'module' object has no attribute 'gcwd'
Starting main while loop in 4 seconds
unknown exception
Traceback (most recent call last):
  File "dirwatch.py", line 100, in main
    
  File "dirwatch.py", line 41, in watch_directory
    for k, v in file_dict.items():
AttributeError: 'module' object has no attribute 'gcwd'
Starting main while loop in 4 seconds
unknown exception
Traceback (most recent call last):
  File "dirwatch.py", line 100, in main
    
  File "dirwatch.py", line 41, in watch_directory
    for k, v in file_dict.items():
AttributeError: 'module' object has no attribute 'gcwd'
Starting main while loop in 4 seconds
unknown exception
Traceback (most recent call last):
  File "dirwatch.py", line 100, in main
    
  File "dirwatch.py", line 41, in watch_directory
    for k, v in file_dict.items():
AttributeError: 'module' object has no attribute 'gcwd'
Starting main while loop in 4 seconds
unknown exception
Traceback (most recent call last):
  File "dirwatch.py", line 100, in main
    
  File "dirwatch.py", line 41, in watch_directory
    for k, v in file_dict.items():
AttributeError: 'module' object has no attribute 'gcwd'
Starting main while loop in 4 seconds
unknown exception
Traceback (most recent call last):
  File "dirwatch.py", line 100, in main
    
  File "dirwatch.py", line 41, in watch_directory
    for k, v in file_dict.items():
AttributeError: 'module' object has no attribute 'gcwd'
Starting main while loop in 4 seconds
unknown exception
Traceback (most recent call last):
  File "dirwatch.py", line 100, in main
    
  File "dirwatch.py", line 41, in watch_directory
    for k, v in file_dict.items():
AttributeError: 'module' object has no attribute 'gcwd'
Starting main while loop in 4 seconds
unknown exception
Traceback (most recent call last):
  File "dirwatch.py", line 100, in main
    
  File "dirwatch.py", line 41, in watch_directory
    #     for k, v in file_dict.items():
AttributeError: 'module' object has no attribute 'gcwd'
Starting main while loop in 4 seconds
unknown exception
Traceback (most recent call last):
  File "dirwatch.py", line 100, in main
    
  File "dirwatch.py", line 41, in watch_directory
    #     for k, v in file_dict.items():
AttributeError: 'module' object has no attribute 'gcwd'
Starting main while loop in 4 seconds
unknown exception
Traceback (most recent call last):
  File "dirwatch.py", line 100, in main
    
  File "dirwatch.py", line 41, in watch_directory
    #     for k, v in file_dict.items():
AttributeError: 'module' object has no attribute 'gcwd'
Starting main while loop in 4 seconds
unknown exception
Traceback (most recent call last):
  File "dirwatch.py", line 100, in main
    
  File "dirwatch.py", line 41, in watch_directory
    #     for k, v in file_dict.items():
AttributeError: 'module' object has no attribute 'gcwd'
Starting main while loop in 4 seconds
unknown exception
Traceback (most recent call last):
  File "dirwatch.py", line 100, in main
    
  File "dirwatch.py", line 41, in watch_directory
    #     for k, v in file_dict.items():
AttributeError: 'module' object has no attribute 'gcwd'
Starting main while loop in 4 seconds
unknown exception
Traceback (most recent call last):
  File "dirwatch.py", line 100, in main
    
  File "dirwatch.py", line 41, in watch_directory
    #     for k, v in file_dict.items():
AttributeError: 'module' object has no attribute 'gcwd'
Starting main while loop in 4 seconds
unknown exception
Traceback (most recent call last):
  File "dirwatch.py", line 100, in main
    
  File "dirwatch.py", line 41, in watch_directory
    #     for k, v in file_dict.items():
AttributeError: 'module' object has no attribute 'gcwd'
Starting main while loop in 4 seconds
unknown exception
Traceback (most recent call last):
  File "dirwatch.py", line 100, in main
    
  File "dirwatch.py", line 41, in watch_directory
    #     for k, v in file_dict.items():
AttributeError: 'module' object has no attribute 'gcwd'
Starting main while loop in 4 seconds
unknown exception
Traceback (most recent call last):
  File "dirwatch.py", line 100, in main
    
  File "dirwatch.py", line 41, in watch_directory
    #     for k, v in file_dict.items():
AttributeError: 'module' object has no attribute 'gcwd'
Starting main while loop in 4 seconds
unknown exception
Traceback (most recent call last):
  File "dirwatch.py", line 100, in main
    
  File "dirwatch.py", line 41, in watch_directory
    #     for k, v in file_dict.items():
AttributeError: 'module' object has no attribute 'gcwd'
Starting main while loop in 4 seconds
unknown exception
Traceback (most recent call last):
  File "dirwatch.py", line 100, in main
    
  File "dirwatch.py", line 41, in watch_directory
    #     for k, v in file_dict.items():
AttributeError: 'module' object has no attribute 'gcwd'
Starting main while loop in 4 seconds
unknown exception
Traceback (most recent call last):
  File "dirwatch.py", line 100, in main
    
  File "dirwatch.py", line 41, in watch_directory
    #     for k, v in file_dict.items():
AttributeError: 'module' object has no attribute 'gcwd'
Starting main while loop in 4 seconds
unknown exception
Traceback (most recent call last):
  File "dirwatch.py", line 100, in main
    
  File "dirwatch.py", line 41, in watch_directory
    #     for k, v in file_dict.items():
AttributeError: 'module' object has no attribute 'gcwd'
Starting main while loop in 4 seconds
unknown exception
Traceback (most recent call last):
  File "dirwatch.py", line 100, in main
    
  File "dirwatch.py", line 41, in watch_directory
    #     for k, v in file_dict.items():
AttributeError: 'module' object has no attribute 'gcwd'
Starting main while loop in 4 seconds
unknown exception
Traceback (most recent call last):
  File "dirwatch.py", line 100, in main
    
  File "dirwatch.py", line 41, in watch_directory
    #     for k, v in file_dict.items():
AttributeError: 'module' object has no attribute 'gcwd'
Starting main while loop in 4 seconds
unknown exception
Traceback (most recent call last):
  File "dirwatch.py", line 100, in main
    
  File "dirwatch.py", line 41, in watch_directory
    #     for k, v in file_dict.items():
AttributeError: 'module' object has no attribute 'gcwd'
Starting main while loop in 4 seconds
unknown exception
Traceback (most recent call last):
  File "dirwatch.py", line 100, in main
    
  File "dirwatch.py", line 41, in watch_directory
    #     for k, v in file_dict.items():
AttributeError: 'module' object has no attribute 'gcwd'
Starting main while loop in 4 seconds
unknown exception
Traceback (most recent call last):
  File "dirwatch.py", line 100, in main
    
  File "dirwatch.py", line 41, in watch_directory
    #     for k, v in file_dict.items():
AttributeError: 'module' object has no attribute 'gcwd'
Starting main while loop in 4 seconds
unknown exception
Traceback (most recent call last):
  File "dirwatch.py", line 100, in main
    
  File "dirwatch.py", line 41, in watch_directory
    #     for k, v in file_dict.items():
AttributeError: 'module' object has no attribute 'gcwd'
Starting main while loop in 4 seconds
unknown exception
Traceback (most recent call last):
  File "dirwatch.py", line 100, in main
    
  File "dirwatch.py", line 41, in watch_directory
    #     for k, v in file_dict.items():
AttributeError: 'module' object has no attribute 'gcwd'
Starting main while loop in 4 seconds
unknown exception
Traceback (most recent call last):
  File "dirwatch.py", line 100, in main
    
  File "dirwatch.py", line 41, in watch_directory
    #     for k, v in file_dict.items():
AttributeError: 'module' object has no attribute 'gcwd'
Starting main while loop in 4 seconds
unknown exception
Traceback (most recent call last):
  File "dirwatch.py", line 100, in main
    parser = create_parser()
  File "dirwatch.py", line 41, in watch_directory
    #     magic_string = "wizard"
AttributeError: 'module' object has no attribute 'gcwd'
Starting main while loop in 4 seconds
unknown exception
Traceback (most recent call last):
  File "dirwatch.py", line 100, in main
    parser = create_parser()
  File "dirwatch.py", line 41, in watch_directory
    #     magic_string = "wizard"
AttributeError: 'module' object has no attribute 'gcwd'
Starting main while loop in 4 seconds
unknown exception
Traceback (most recent call last):
  File "dirwatch.py", line 100, in main
    parser = create_parser()
  File "dirwatch.py", line 41, in watch_directory
    #     magic_string = "wizard"
AttributeError: 'module' object has no attribute 'gcwd'
Starting main while loop in 4 seconds
unknown exception
Traceback (most recent call last):
  File "dirwatch.py", line 100, in main
    parser = create_parser()
  File "dirwatch.py", line 41, in watch_directory
    #     magic_string = "wizard"
AttributeError: 'module' object has no attribute 'gcwd'
Starting main while loop in 4 seconds
unknown exception
Traceback (most recent call last):
  File "dirwatch.py", line 100, in main
    parser = create_parser()
  File "dirwatch.py", line 41, in watch_directory
    #     magic_string = "wizard"
AttributeError: 'module' object has no attribute 'gcwd'
Starting main while loop in 4 seconds
unknown exception
Traceback (most recent call last):
  File "dirwatch.py", line 100, in main
    parser = create_parser()
  File "dirwatch.py", line 41, in watch_directory
    #     magic_string = "wizard"
AttributeError: 'module' object has no attribute 'gcwd'
Starting main while loop in 4 seconds
unknown exception
Traceback (most recent call last):
  File "dirwatch.py", line 100, in main
    parser = create_parser()
  File "dirwatch.py", line 41, in watch_directory
    #     magic_string = "wizard"
AttributeError: 'module' object has no attribute 'gcwd'
Starting main while loop in 4 seconds
unknown exception
Traceback (most recent call last):
  File "dirwatch.py", line 100, in main
    parser = create_parser()
  File "dirwatch.py", line 41, in watch_directory
    #     magic_string = "wizard"
AttributeError: 'module' object has no attribute 'gcwd'
Starting main while loop in 4 seconds
unknown exception
Traceback (most recent call last):
  File "dirwatch.py", line 100, in main
    parser = create_parser()
  File "dirwatch.py", line 41, in watch_directory
    #     magic_string = "wizard"
AttributeError: 'module' object has no attribute 'gcwd'
Starting main while loop in 4 seconds
unknown exception
Traceback (most recent call last):
  File "dirwatch.py", line 100, in main
    parser = create_parser()
  File "dirwatch.py", line 41, in watch_directory
    #     magic_string = "wizard"
AttributeError: 'module' object has no attribute 'gcwd'
Starting main while loop in 4 seconds
unknown exception
Traceback (most recent call last):
  File "dirwatch.py", line 100, in main
    parser = create_parser()
  File "dirwatch.py", line 41, in watch_directory
    #     magic_string = "wizard"
AttributeError: 'module' object has no attribute 'gcwd'
Starting main while loop in 4 seconds
unknown exception
Traceback (most recent call last):
  File "dirwatch.py", line 100, in main
    parser = create_parser()
  File "dirwatch.py", line 41, in watch_directory
    #     magic_string = "wizard"
AttributeError: 'module' object has no attribute 'gcwd'
Starting main while loop in 4 seconds
unknown exception
Traceback (most recent call last):
  File "dirwatch.py", line 100, in main
    parser = create_parser()
  File "dirwatch.py", line 41, in watch_directory
    #     magic_string = "wizard"
AttributeError: 'module' object has no attribute 'gcwd'
Starting main while loop in 4 seconds
unknown exception
Traceback (most recent call last):
  File "dirwatch.py", line 100, in main
    parser = create_parser()
  File "dirwatch.py", line 41, in watch_directory
    #     magic_string = "wizard"
AttributeError: 'module' object has no attribute 'gcwd'
Starting main while loop in 4 seconds
unknown exception
Traceback (most recent call last):
  File "dirwatch.py", line 100, in main
    parser = create_parser()
  File "dirwatch.py", line 41, in watch_directory
    #     magic_string = "wizard"
AttributeError: 'module' object has no attribute 'gcwd'
Starting main while loop in 4 seconds
unknown exception
Traceback (most recent call last):
  File "dirwatch.py", line 100, in main
    parser = create_parser()
  File "dirwatch.py", line 41, in watch_directory
    #     magic_string = "wizard"
AttributeError: 'module' object has no attribute 'gcwd'
Starting main while loop in 4 seconds
unknown exception
Traceback (most recent call last):
  File "dirwatch.py", line 100, in main
    parser = create_parser()
  File "dirwatch.py", line 41, in watch_directory
    #     magic_string = "wizard"
AttributeError: 'module' object has no attribute 'gcwd'
Starting main while loop in 4 seconds
unknown exception
Traceback (most recent call last):
  File "dirwatch.py", line 100, in main
    parser = create_parser()
  File "dirwatch.py", line 41, in watch_directory
    #     magic_string = "wizard"
AttributeError: 'module' object has no attribute 'gcwd'
Starting main while loop in 4 seconds
unknown exception
Traceback (most recent call last):
  File "dirwatch.py", line 100, in main
    parser = create_parser()
  File "dirwatch.py", line 41, in watch_directory
    #     magic_string = "wizard"
AttributeError: 'module' object has no attribute 'gcwd'
Starting main while loop in 4 seconds
unknown exception
Traceback (most recent call last):
  File "dirwatch.py", line 100, in main
    parser = create_parser()
  File "dirwatch.py", line 41, in watch_directory
    #     magic_string = "wizard"
AttributeError: 'module' object has no attribute 'gcwd'
Starting main while loop in 4 seconds
unknown exception
Traceback (most recent call last):
  File "dirwatch.py", line 100, in main
    parser = create_parser()
  File "dirwatch.py", line 41, in watch_directory
    #     magic_string = "wizard"
AttributeError: 'module' object has no attribute 'gcwd'
Starting main while loop in 4 seconds
unknown exception
Traceback (most recent call last):
  File "dirwatch.py", line 100, in main
    
  File "dirwatch.py", line 41, in watch_directory
    #     for k, v in file_dict.items():
AttributeError: 'module' object has no attribute 'gcwd'
Starting main while loop in 4 seconds
unknown exception
Traceback (most recent call last):
  File "dirwatch.py", line 100, in main
    
  File "dirwatch.py", line 41, in watch_directory
    #     for k, v in file_dict.items():
AttributeError: 'module' object has no attribute 'gcwd'
Starting main while loop in 4 seconds
unknown exception
Traceback (most recent call last):
  File "dirwatch.py", line 100, in main
    
  File "dirwatch.py", line 41, in watch_directory
    #     for k, v in file_dict.items():
AttributeError: 'module' object has no attribute 'gcwd'
Starting main while loop in 4 seconds
unknown exception
Traceback (most recent call last):
  File "dirwatch.py", line 100, in main
    
  File "dirwatch.py", line 41, in watch_directory
    #     for k, v in file_dict.items():
AttributeError: 'module' object has no attribute 'gcwd'
Starting main while loop in 4 seconds
unknown exception
Traceback (most recent call last):
  File "dirwatch.py", line 100, in main
    parser = create_parser()
  File "dirwatch.py", line 41, in watch_directory
    #     magic_string = "wizard"
AttributeError: 'module' object has no attribute 'gcwd'
Starting main while loop in 4 seconds
unknown exception
Traceback (most recent call last):
  File "dirwatch.py", line 100, in main
    parser = create_parser()
  File "dirwatch.py", line 41, in watch_directory
    #     magic_string = "wizard"
AttributeError: 'module' object has no attribute 'gcwd'
Starting main while loop in 4 seconds
unknown exception
Traceback (most recent call last):
  File "dirwatch.py", line 100, in main
    parser = create_parser()
  File "dirwatch.py", line 41, in watch_directory
    #     magic_string = "wizard"
AttributeError: 'module' object has no attribute 'gcwd'
Starting main while loop in 4 seconds
unknown exception
Traceback (most recent call last):
  File "dirwatch.py", line 100, in main
    parser = create_parser()
  File "dirwatch.py", line 41, in watch_directory
    #     magic_string = "wizard"
AttributeError: 'module' object has no attribute 'gcwd'
Starting main while loop in 4 seconds
unknown exception
Traceback (most recent call last):
  File "dirwatch.py", line 100, in main
    parser = create_parser()
  File "dirwatch.py", line 41, in watch_directory
    #     magic_string = "wizard"
AttributeError: 'module' object has no attribute 'gcwd'
Starting main while loop in 4 seconds
unknown exception
Traceback (most recent call last):
  File "dirwatch.py", line 100, in main
    parser = create_parser()
  File "dirwatch.py", line 41, in watch_directory
    #     magic_string = "wizard"
AttributeError: 'module' object has no attribute 'gcwd'
Starting main while loop in 4 seconds
unknown exception
Traceback (most recent call last):
  File "dirwatch.py", line 100, in main
    parser = create_parser()
  File "dirwatch.py", line 41, in watch_directory
    #     magic_string = "wizard"
AttributeError: 'module' object has no attribute 'gcwd'
Starting main while loop in 4 seconds
unknown exception
Traceback (most recent call last):
  File "dirwatch.py", line 100, in main
    parser = create_parser()
  File "dirwatch.py", line 41, in watch_directory
    #     magic_string = "wizard"
AttributeError: 'module' object has no attribute 'gcwd'
Starting main while loop in 4 seconds
unknown exception
Traceback (most recent call last):
  File "dirwatch.py", line 100, in main
    parser = create_parser()
  File "dirwatch.py", line 41, in watch_directory
    #     magic_string = "wizard"
AttributeError: 'module' object has no attribute 'gcwd'
Got signal: 2
Starting main while loop in 4 seconds
unknown exception
Traceback (most recent call last):
  File "dirwatch.py", line 100, in main
    parser = create_parser()
  File "dirwatch.py", line 41, in watch_directory
    #     magic_string = "wizard"
AttributeError: 'module' object has no attribute 'gcwd'
time running: 1226.49405599 seconds
Searching the following directory: test
Starting main while loop in 4 seconds
unknown exception
Traceback (most recent call last):
  File "dirwatch.py", line 104, in main
    watch_directory(dir)
  File "dirwatch.py", line 42, in watch_directory
    directory = path.join([os.path.relpath(os.getcwd), "/", dir])
  File "/usr/local/Cellar/python@2/2.7.15_1/Frameworks/Python.framework/Versions/2.7/lib/python2.7/posixpath.py", line 431, in relpath
    path_list = [x for x in abspath(path).split(sep) if x]
  File "/usr/local/Cellar/python@2/2.7.15_1/Frameworks/Python.framework/Versions/2.7/lib/python2.7/posixpath.py", line 360, in abspath
    if not isabs(path):
  File "/usr/local/Cellar/python@2/2.7.15_1/Frameworks/Python.framework/Versions/2.7/lib/python2.7/posixpath.py", line 54, in isabs
    return s.startswith('/')
AttributeError: 'builtin_function_or_method' object has no attribute 'startswith'
Starting main while loop in 4 seconds
unknown exception
Traceback (most recent call last):
  File "dirwatch.py", line 104, in main
    watch_directory(dir)
  File "dirwatch.py", line 42, in watch_directory
    directory = path.join([os.path.relpath(os.getcwd), "/", dir])
  File "/usr/local/Cellar/python@2/2.7.15_1/Frameworks/Python.framework/Versions/2.7/lib/python2.7/posixpath.py", line 431, in relpath
    path_list = [x for x in abspath(path).split(sep) if x]
  File "/usr/local/Cellar/python@2/2.7.15_1/Frameworks/Python.framework/Versions/2.7/lib/python2.7/posixpath.py", line 360, in abspath
    if not isabs(path):
  File "/usr/local/Cellar/python@2/2.7.15_1/Frameworks/Python.framework/Versions/2.7/lib/python2.7/posixpath.py", line 54, in isabs
    return s.startswith('/')
AttributeError: 'builtin_function_or_method' object has no attribute 'startswith'
Starting main while loop in 4 seconds
unknown exception
Traceback (most recent call last):
  File "dirwatch.py", line 104, in main
    watch_directory(dir)
  File "dirwatch.py", line 42, in watch_directory
    directory = path.join([os.path.relpath(os.getcwd), "/", dir])
  File "/usr/local/Cellar/python@2/2.7.15_1/Frameworks/Python.framework/Versions/2.7/lib/python2.7/posixpath.py", line 431, in relpath
    path_list = [x for x in abspath(path).split(sep) if x]
  File "/usr/local/Cellar/python@2/2.7.15_1/Frameworks/Python.framework/Versions/2.7/lib/python2.7/posixpath.py", line 360, in abspath
    if not isabs(path):
  File "/usr/local/Cellar/python@2/2.7.15_1/Frameworks/Python.framework/Versions/2.7/lib/python2.7/posixpath.py", line 54, in isabs
    return s.startswith('/')
AttributeError: 'builtin_function_or_method' object has no attribute 'startswith'
Starting main while loop in 4 seconds
unknown exception
Traceback (most recent call last):
  File "dirwatch.py", line 104, in main
    watch_directory(dir)
  File "dirwatch.py", line 42, in watch_directory
    directory = path.join([os.path.relpath(os.getcwd), "/", dir])
  File "/usr/local/Cellar/python@2/2.7.15_1/Frameworks/Python.framework/Versions/2.7/lib/python2.7/posixpath.py", line 431, in relpath
    path_list = [x for x in abspath(path).split(sep) if x]
  File "/usr/local/Cellar/python@2/2.7.15_1/Frameworks/Python.framework/Versions/2.7/lib/python2.7/posixpath.py", line 360, in abspath
    if not isabs(path):
  File "/usr/local/Cellar/python@2/2.7.15_1/Frameworks/Python.framework/Versions/2.7/lib/python2.7/posixpath.py", line 54, in isabs
    return s.startswith('/')
AttributeError: 'builtin_function_or_method' object has no attribute 'startswith'
Starting main while loop in 4 seconds
unknown exception
Traceback (most recent call last):
  File "dirwatch.py", line 104, in main
    watch_directory(dir)
  File "dirwatch.py", line 42, in watch_directory
    directory = path.join([os.path.relpath(os.getcwd), "/", dir])
  File "/usr/local/Cellar/python@2/2.7.15_1/Frameworks/Python.framework/Versions/2.7/lib/python2.7/posixpath.py", line 431, in relpath
    path_list = [x for x in abspath(path).split(sep) if x]
  File "/usr/local/Cellar/python@2/2.7.15_1/Frameworks/Python.framework/Versions/2.7/lib/python2.7/posixpath.py", line 360, in abspath
    if not isabs(path):
  File "/usr/local/Cellar/python@2/2.7.15_1/Frameworks/Python.framework/Versions/2.7/lib/python2.7/posixpath.py", line 54, in isabs
    return s.startswith('/')
AttributeError: 'builtin_function_or_method' object has no attribute 'startswith'
Starting main while loop in 4 seconds
unknown exception
Traceback (most recent call last):
  File "dirwatch.py", line 104, in main
    watch_directory(dir)
  File "dirwatch.py", line 42, in watch_directory
    directory = path.join([os.path.relpath(os.getcwd), "/", dir])
  File "/usr/local/Cellar/python@2/2.7.15_1/Frameworks/Python.framework/Versions/2.7/lib/python2.7/posixpath.py", line 431, in relpath
    path_list = [x for x in abspath(path).split(sep) if x]
  File "/usr/local/Cellar/python@2/2.7.15_1/Frameworks/Python.framework/Versions/2.7/lib/python2.7/posixpath.py", line 360, in abspath
    if not isabs(path):
  File "/usr/local/Cellar/python@2/2.7.15_1/Frameworks/Python.framework/Versions/2.7/lib/python2.7/posixpath.py", line 54, in isabs
    return s.startswith('/')
AttributeError: 'builtin_function_or_method' object has no attribute 'startswith'
Starting main while loop in 4 seconds
unknown exception
Traceback (most recent call last):
  File "dirwatch.py", line 104, in main
    watch_directory(dir)
  File "dirwatch.py", line 42, in watch_directory
    directory = path.join([os.path.relpath(os.getcwd), "/", dir])
  File "/usr/local/Cellar/python@2/2.7.15_1/Frameworks/Python.framework/Versions/2.7/lib/python2.7/posixpath.py", line 431, in relpath
    path_list = [x for x in abspath(path).split(sep) if x]
  File "/usr/local/Cellar/python@2/2.7.15_1/Frameworks/Python.framework/Versions/2.7/lib/python2.7/posixpath.py", line 360, in abspath
    if not isabs(path):
  File "/usr/local/Cellar/python@2/2.7.15_1/Frameworks/Python.framework/Versions/2.7/lib/python2.7/posixpath.py", line 54, in isabs
    return s.startswith('/')
AttributeError: 'builtin_function_or_method' object has no attribute 'startswith'
Starting main while loop in 4 seconds
unknown exception
Traceback (most recent call last):
  File "dirwatch.py", line 104, in main
    watch_directory(dir)
  File "dirwatch.py", line 42, in watch_directory
    directory = path.join([os.path.relpath(os.getcwd), "/", dir])
  File "/usr/local/Cellar/python@2/2.7.15_1/Frameworks/Python.framework/Versions/2.7/lib/python2.7/posixpath.py", line 431, in relpath
    path_list = [x for x in abspath(path).split(sep) if x]
  File "/usr/local/Cellar/python@2/2.7.15_1/Frameworks/Python.framework/Versions/2.7/lib/python2.7/posixpath.py", line 360, in abspath
    if not isabs(path):
  File "/usr/local/Cellar/python@2/2.7.15_1/Frameworks/Python.framework/Versions/2.7/lib/python2.7/posixpath.py", line 54, in isabs
    return s.startswith('/')
AttributeError: 'builtin_function_or_method' object has no attribute 'startswith'
Starting main while loop in 4 seconds
unknown exception
Traceback (most recent call last):
  File "dirwatch.py", line 104, in main
    watch_directory(dir)
  File "dirwatch.py", line 42, in watch_directory
    directory = path.join([os.path.relpath(os.getcwd), "/", dir])
  File "/usr/local/Cellar/python@2/2.7.15_1/Frameworks/Python.framework/Versions/2.7/lib/python2.7/posixpath.py", line 431, in relpath
    path_list = [x for x in abspath(path).split(sep) if x]
  File "/usr/local/Cellar/python@2/2.7.15_1/Frameworks/Python.framework/Versions/2.7/lib/python2.7/posixpath.py", line 360, in abspath
    if not isabs(path):
  File "/usr/local/Cellar/python@2/2.7.15_1/Frameworks/Python.framework/Versions/2.7/lib/python2.7/posixpath.py", line 54, in isabs
    return s.startswith('/')
AttributeError: 'builtin_function_or_method' object has no attribute 'startswith'
Starting main while loop in 4 seconds
unknown exception
Traceback (most recent call last):
  File "dirwatch.py", line 104, in main
    watch_directory(dir)
  File "dirwatch.py", line 42, in watch_directory
    directory = path.join([os.path.relpath(os.getcwd), "/", dir])
  File "/usr/local/Cellar/python@2/2.7.15_1/Frameworks/Python.framework/Versions/2.7/lib/python2.7/posixpath.py", line 431, in relpath
    path_list = [x for x in abspath(path).split(sep) if x]
  File "/usr/local/Cellar/python@2/2.7.15_1/Frameworks/Python.framework/Versions/2.7/lib/python2.7/posixpath.py", line 360, in abspath
    if not isabs(path):
  File "/usr/local/Cellar/python@2/2.7.15_1/Frameworks/Python.framework/Versions/2.7/lib/python2.7/posixpath.py", line 54, in isabs
    return s.startswith('/')
AttributeError: 'builtin_function_or_method' object has no attribute 'startswith'
Starting main while loop in 4 seconds
unknown exception
Traceback (most recent call last):
  File "dirwatch.py", line 104, in main
    watch_directory(dir)
  File "dirwatch.py", line 42, in watch_directory
    directory = path.join([os.path.relpath(os.getcwd), "/", dir])
  File "/usr/local/Cellar/python@2/2.7.15_1/Frameworks/Python.framework/Versions/2.7/lib/python2.7/posixpath.py", line 431, in relpath
    path_list = [x for x in abspath(path).split(sep) if x]
  File "/usr/local/Cellar/python@2/2.7.15_1/Frameworks/Python.framework/Versions/2.7/lib/python2.7/posixpath.py", line 360, in abspath
    if not isabs(path):
  File "/usr/local/Cellar/python@2/2.7.15_1/Frameworks/Python.framework/Versions/2.7/lib/python2.7/posixpath.py", line 54, in isabs
    return s.startswith('/')
AttributeError: 'builtin_function_or_method' object has no attribute 'startswith'
Starting main while loop in 4 seconds
unknown exception
Traceback (most recent call last):
  File "dirwatch.py", line 104, in main
    watch_directory(dir)
  File "dirwatch.py", line 42, in watch_directory
    directory = path.join([os.path.relpath(os.getcwd), "/", dir])
  File "/usr/local/Cellar/python@2/2.7.15_1/Frameworks/Python.framework/Versions/2.7/lib/python2.7/posixpath.py", line 431, in relpath
    path_list = [x for x in abspath(path).split(sep) if x]
  File "/usr/local/Cellar/python@2/2.7.15_1/Frameworks/Python.framework/Versions/2.7/lib/python2.7/posixpath.py", line 360, in abspath
    if not isabs(path):
  File "/usr/local/Cellar/python@2/2.7.15_1/Frameworks/Python.framework/Versions/2.7/lib/python2.7/posixpath.py", line 54, in isabs
    return s.startswith('/')
AttributeError: 'builtin_function_or_method' object has no attribute 'startswith'
Starting main while loop in 4 seconds
unknown exception
Traceback (most recent call last):
  File "dirwatch.py", line 104, in main
    watch_directory(dir)
  File "dirwatch.py", line 42, in watch_directory
    directory = path.join([os.path.relpath(os.getcwd), "/", dir])
  File "/usr/local/Cellar/python@2/2.7.15_1/Frameworks/Python.framework/Versions/2.7/lib/python2.7/posixpath.py", line 431, in relpath
    path_list = [x for x in abspath(path).split(sep) if x]
  File "/usr/local/Cellar/python@2/2.7.15_1/Frameworks/Python.framework/Versions/2.7/lib/python2.7/posixpath.py", line 360, in abspath
    if not isabs(path):
  File "/usr/local/Cellar/python@2/2.7.15_1/Frameworks/Python.framework/Versions/2.7/lib/python2.7/posixpath.py", line 54, in isabs
    return s.startswith('/')
AttributeError: 'builtin_function_or_method' object has no attribute 'startswith'
Starting main while loop in 4 seconds
unknown exception
Traceback (most recent call last):
  File "dirwatch.py", line 104, in main
    watch_directory(dir)
  File "dirwatch.py", line 42, in watch_directory
    directory = path.join([os.path.relpath(os.getcwd), "/", dir])
  File "/usr/local/Cellar/python@2/2.7.15_1/Frameworks/Python.framework/Versions/2.7/lib/python2.7/posixpath.py", line 431, in relpath
    path_list = [x for x in abspath(path).split(sep) if x]
  File "/usr/local/Cellar/python@2/2.7.15_1/Frameworks/Python.framework/Versions/2.7/lib/python2.7/posixpath.py", line 360, in abspath
    if not isabs(path):
  File "/usr/local/Cellar/python@2/2.7.15_1/Frameworks/Python.framework/Versions/2.7/lib/python2.7/posixpath.py", line 54, in isabs
    return s.startswith('/')
AttributeError: 'builtin_function_or_method' object has no attribute 'startswith'
Starting main while loop in 4 seconds
unknown exception
Traceback (most recent call last):
  File "dirwatch.py", line 104, in main
    watch_directory(dir)
  File "dirwatch.py", line 42, in watch_directory
    directory = path.join([os.path.relpath(os.getcwd), "/", dir])
  File "/usr/local/Cellar/python@2/2.7.15_1/Frameworks/Python.framework/Versions/2.7/lib/python2.7/posixpath.py", line 431, in relpath
    path_list = [x for x in abspath(path).split(sep) if x]
  File "/usr/local/Cellar/python@2/2.7.15_1/Frameworks/Python.framework/Versions/2.7/lib/python2.7/posixpath.py", line 360, in abspath
    if not isabs(path):
  File "/usr/local/Cellar/python@2/2.7.15_1/Frameworks/Python.framework/Versions/2.7/lib/python2.7/posixpath.py", line 54, in isabs
    return s.startswith('/')
AttributeError: 'builtin_function_or_method' object has no attribute 'startswith'
Starting main while loop in 4 seconds
unknown exception
Traceback (most recent call last):
  File "dirwatch.py", line 104, in main
    watch_directory(dir)
  File "dirwatch.py", line 42, in watch_directory
    directory = path.join([os.path.relpath(os.getcwd), "/", dir])
  File "/usr/local/Cellar/python@2/2.7.15_1/Frameworks/Python.framework/Versions/2.7/lib/python2.7/posixpath.py", line 431, in relpath
    path_list = [x for x in abspath(path).split(sep) if x]
  File "/usr/local/Cellar/python@2/2.7.15_1/Frameworks/Python.framework/Versions/2.7/lib/python2.7/posixpath.py", line 360, in abspath
    if not isabs(path):
  File "/usr/local/Cellar/python@2/2.7.15_1/Frameworks/Python.framework/Versions/2.7/lib/python2.7/posixpath.py", line 54, in isabs
    return s.startswith('/')
AttributeError: 'builtin_function_or_method' object has no attribute 'startswith'
Starting main while loop in 4 seconds
unknown exception
Traceback (most recent call last):
  File "dirwatch.py", line 104, in main
    watch_directory(dir)
  File "dirwatch.py", line 42, in watch_directory
    directory = path.join([os.path.relpath(os.getcwd), "/", dir])
  File "/usr/local/Cellar/python@2/2.7.15_1/Frameworks/Python.framework/Versions/2.7/lib/python2.7/posixpath.py", line 431, in relpath
    path_list = [x for x in abspath(path).split(sep) if x]
  File "/usr/local/Cellar/python@2/2.7.15_1/Frameworks/Python.framework/Versions/2.7/lib/python2.7/posixpath.py", line 360, in abspath
    if not isabs(path):
  File "/usr/local/Cellar/python@2/2.7.15_1/Frameworks/Python.framework/Versions/2.7/lib/python2.7/posixpath.py", line 54, in isabs
    return s.startswith('/')
AttributeError: 'builtin_function_or_method' object has no attribute 'startswith'
Starting main while loop in 4 seconds
unknown exception
Traceback (most recent call last):
  File "dirwatch.py", line 104, in main
    watch_directory(dir)
  File "dirwatch.py", line 42, in watch_directory
    directory = path.join([os.path.relpath(os.getcwd), "/", dir])
  File "/usr/local/Cellar/python@2/2.7.15_1/Frameworks/Python.framework/Versions/2.7/lib/python2.7/posixpath.py", line 431, in relpath
    path_list = [x for x in abspath(path).split(sep) if x]
  File "/usr/local/Cellar/python@2/2.7.15_1/Frameworks/Python.framework/Versions/2.7/lib/python2.7/posixpath.py", line 360, in abspath
    if not isabs(path):
  File "/usr/local/Cellar/python@2/2.7.15_1/Frameworks/Python.framework/Versions/2.7/lib/python2.7/posixpath.py", line 54, in isabs
    return s.startswith('/')
AttributeError: 'builtin_function_or_method' object has no attribute 'startswith'
Starting main while loop in 4 seconds
unknown exception
Traceback (most recent call last):
  File "dirwatch.py", line 104, in main
    watch_directory(dir)
  File "dirwatch.py", line 42, in watch_directory
    directory = path.join([os.path.relpath(os.getcwd), "/", dir])
  File "/usr/local/Cellar/python@2/2.7.15_1/Frameworks/Python.framework/Versions/2.7/lib/python2.7/posixpath.py", line 431, in relpath
    path_list = [x for x in abspath(path).split(sep) if x]
  File "/usr/local/Cellar/python@2/2.7.15_1/Frameworks/Python.framework/Versions/2.7/lib/python2.7/posixpath.py", line 360, in abspath
    if not isabs(path):
  File "/usr/local/Cellar/python@2/2.7.15_1/Frameworks/Python.framework/Versions/2.7/lib/python2.7/posixpath.py", line 54, in isabs
    return s.startswith('/')
AttributeError: 'builtin_function_or_method' object has no attribute 'startswith'
Starting main while loop in 4 seconds
unknown exception
Traceback (most recent call last):
  File "dirwatch.py", line 104, in main
    watch_directory(dir)
  File "dirwatch.py", line 42, in watch_directory
    directory = path.join([os.path.relpath(os.getcwd), "/", dir])
  File "/usr/local/Cellar/python@2/2.7.15_1/Frameworks/Python.framework/Versions/2.7/lib/python2.7/posixpath.py", line 431, in relpath
    path_list = [x for x in abspath(path).split(sep) if x]
  File "/usr/local/Cellar/python@2/2.7.15_1/Frameworks/Python.framework/Versions/2.7/lib/python2.7/posixpath.py", line 360, in abspath
    if not isabs(path):
  File "/usr/local/Cellar/python@2/2.7.15_1/Frameworks/Python.framework/Versions/2.7/lib/python2.7/posixpath.py", line 54, in isabs
    return s.startswith('/')
AttributeError: 'builtin_function_or_method' object has no attribute 'startswith'
Starting main while loop in 4 seconds
unknown exception
Traceback (most recent call last):
  File "dirwatch.py", line 104, in main
    watch_directory(dir)
  File "dirwatch.py", line 42, in watch_directory
    directory = path.join([os.path.relpath(os.getcwd), "/", dir])
  File "/usr/local/Cellar/python@2/2.7.15_1/Frameworks/Python.framework/Versions/2.7/lib/python2.7/posixpath.py", line 431, in relpath
    path_list = [x for x in abspath(path).split(sep) if x]
  File "/usr/local/Cellar/python@2/2.7.15_1/Frameworks/Python.framework/Versions/2.7/lib/python2.7/posixpath.py", line 360, in abspath
    if not isabs(path):
  File "/usr/local/Cellar/python@2/2.7.15_1/Frameworks/Python.framework/Versions/2.7/lib/python2.7/posixpath.py", line 54, in isabs
    return s.startswith('/')
AttributeError: 'builtin_function_or_method' object has no attribute 'startswith'
Starting main while loop in 4 seconds
unknown exception
Traceback (most recent call last):
  File "dirwatch.py", line 104, in main
    watch_directory(dir)
  File "dirwatch.py", line 42, in watch_directory
    directory = path.join([os.path.relpath(os.getcwd), "/", dir])
  File "/usr/local/Cellar/python@2/2.7.15_1/Frameworks/Python.framework/Versions/2.7/lib/python2.7/posixpath.py", line 431, in relpath
    path_list = [x for x in abspath(path).split(sep) if x]
  File "/usr/local/Cellar/python@2/2.7.15_1/Frameworks/Python.framework/Versions/2.7/lib/python2.7/posixpath.py", line 360, in abspath
    if not isabs(path):
  File "/usr/local/Cellar/python@2/2.7.15_1/Frameworks/Python.framework/Versions/2.7/lib/python2.7/posixpath.py", line 54, in isabs
    return s.startswith('/')
AttributeError: 'builtin_function_or_method' object has no attribute 'startswith'
Starting main while loop in 4 seconds
unknown exception
Traceback (most recent call last):
  File "dirwatch.py", line 104, in main
    watch_directory(dir)
  File "dirwatch.py", line 42, in watch_directory
    directory = path.join([os.path.relpath(os.getcwd), "/", dir])
  File "/usr/local/Cellar/python@2/2.7.15_1/Frameworks/Python.framework/Versions/2.7/lib/python2.7/posixpath.py", line 431, in relpath
    path_list = [x for x in abspath(path).split(sep) if x]
  File "/usr/local/Cellar/python@2/2.7.15_1/Frameworks/Python.framework/Versions/2.7/lib/python2.7/posixpath.py", line 360, in abspath
    if not isabs(path):
  File "/usr/local/Cellar/python@2/2.7.15_1/Frameworks/Python.framework/Versions/2.7/lib/python2.7/posixpath.py", line 54, in isabs
    return s.startswith('/')
AttributeError: 'builtin_function_or_method' object has no attribute 'startswith'
Starting main while loop in 4 seconds
unknown exception
Traceback (most recent call last):
  File "dirwatch.py", line 104, in main
    watch_directory(dir)
  File "dirwatch.py", line 42, in watch_directory
    directory = path.join([os.path.relpath(os.getcwd), "/", dir])
  File "/usr/local/Cellar/python@2/2.7.15_1/Frameworks/Python.framework/Versions/2.7/lib/python2.7/posixpath.py", line 431, in relpath
    path_list = [x for x in abspath(path).split(sep) if x]
  File "/usr/local/Cellar/python@2/2.7.15_1/Frameworks/Python.framework/Versions/2.7/lib/python2.7/posixpath.py", line 360, in abspath
    if not isabs(path):
  File "/usr/local/Cellar/python@2/2.7.15_1/Frameworks/Python.framework/Versions/2.7/lib/python2.7/posixpath.py", line 54, in isabs
    return s.startswith('/')
AttributeError: 'builtin_function_or_method' object has no attribute 'startswith'
Starting main while loop in 4 seconds
unknown exception
Traceback (most recent call last):
  File "dirwatch.py", line 104, in main
    watch_directory(dir)
  File "dirwatch.py", line 42, in watch_directory
    directory = path.join([os.path.relpath(os.getcwd), "/", dir])
  File "/usr/local/Cellar/python@2/2.7.15_1/Frameworks/Python.framework/Versions/2.7/lib/python2.7/posixpath.py", line 431, in relpath
    path_list = [x for x in abspath(path).split(sep) if x]
  File "/usr/local/Cellar/python@2/2.7.15_1/Frameworks/Python.framework/Versions/2.7/lib/python2.7/posixpath.py", line 360, in abspath
    if not isabs(path):
  File "/usr/local/Cellar/python@2/2.7.15_1/Frameworks/Python.framework/Versions/2.7/lib/python2.7/posixpath.py", line 54, in isabs
    return s.startswith('/')
AttributeError: 'builtin_function_or_method' object has no attribute 'startswith'
Starting main while loop in 4 seconds
unknown exception
Traceback (most recent call last):
  File "dirwatch.py", line 104, in main
    watch_directory(dir)
  File "dirwatch.py", line 42, in watch_directory
    directory = path.join([os.path.relpath(os.getcwd), "/", dir])
  File "/usr/local/Cellar/python@2/2.7.15_1/Frameworks/Python.framework/Versions/2.7/lib/python2.7/posixpath.py", line 431, in relpath
    path_list = [x for x in abspath(path).split(sep) if x]
  File "/usr/local/Cellar/python@2/2.7.15_1/Frameworks/Python.framework/Versions/2.7/lib/python2.7/posixpath.py", line 360, in abspath
    if not isabs(path):
  File "/usr/local/Cellar/python@2/2.7.15_1/Frameworks/Python.framework/Versions/2.7/lib/python2.7/posixpath.py", line 54, in isabs
    return s.startswith('/')
AttributeError: 'builtin_function_or_method' object has no attribute 'startswith'
Starting main while loop in 4 seconds
unknown exception
Traceback (most recent call last):
  File "dirwatch.py", line 104, in main
    watch_directory(dir)
  File "dirwatch.py", line 42, in watch_directory
    directory = path.join([os.path.relpath(os.getcwd), "/", dir])
  File "/usr/local/Cellar/python@2/2.7.15_1/Frameworks/Python.framework/Versions/2.7/lib/python2.7/posixpath.py", line 431, in relpath
    path_list = [x for x in abspath(path).split(sep) if x]
  File "/usr/local/Cellar/python@2/2.7.15_1/Frameworks/Python.framework/Versions/2.7/lib/python2.7/posixpath.py", line 360, in abspath
    if not isabs(path):
  File "/usr/local/Cellar/python@2/2.7.15_1/Frameworks/Python.framework/Versions/2.7/lib/python2.7/posixpath.py", line 54, in isabs
    return s.startswith('/')
AttributeError: 'builtin_function_or_method' object has no attribute 'startswith'
Starting main while loop in 4 seconds
unknown exception
Traceback (most recent call last):
  File "dirwatch.py", line 104, in main
    watch_directory(dir)
  File "dirwatch.py", line 42, in watch_directory
    directory = path.join([os.path.relpath(os.getcwd), "/", dir])
  File "/usr/local/Cellar/python@2/2.7.15_1/Frameworks/Python.framework/Versions/2.7/lib/python2.7/posixpath.py", line 431, in relpath
    path_list = [x for x in abspath(path).split(sep) if x]
  File "/usr/local/Cellar/python@2/2.7.15_1/Frameworks/Python.framework/Versions/2.7/lib/python2.7/posixpath.py", line 360, in abspath
    if not isabs(path):
  File "/usr/local/Cellar/python@2/2.7.15_1/Frameworks/Python.framework/Versions/2.7/lib/python2.7/posixpath.py", line 54, in isabs
    return s.startswith('/')
AttributeError: 'builtin_function_or_method' object has no attribute 'startswith'
Starting main while loop in 4 seconds
unknown exception
Traceback (most recent call last):
  File "dirwatch.py", line 104, in main
    watch_directory(dir)
  File "dirwatch.py", line 42, in watch_directory
    directory = path.join([os.path.relpath(os.getcwd), "/", dir])
  File "/usr/local/Cellar/python@2/2.7.15_1/Frameworks/Python.framework/Versions/2.7/lib/python2.7/posixpath.py", line 431, in relpath
    path_list = [x for x in abspath(path).split(sep) if x]
  File "/usr/local/Cellar/python@2/2.7.15_1/Frameworks/Python.framework/Versions/2.7/lib/python2.7/posixpath.py", line 360, in abspath
    if not isabs(path):
  File "/usr/local/Cellar/python@2/2.7.15_1/Frameworks/Python.framework/Versions/2.7/lib/python2.7/posixpath.py", line 54, in isabs
    return s.startswith('/')
AttributeError: 'builtin_function_or_method' object has no attribute 'startswith'
Starting main while loop in 4 seconds
unknown exception
Traceback (most recent call last):
  File "dirwatch.py", line 104, in main
    watch_directory(dir)
  File "dirwatch.py", line 42, in watch_directory
    directory = path.join([os.path.relpath(os.getcwd), "/", dir])
  File "/usr/local/Cellar/python@2/2.7.15_1/Frameworks/Python.framework/Versions/2.7/lib/python2.7/posixpath.py", line 431, in relpath
    path_list = [x for x in abspath(path).split(sep) if x]
  File "/usr/local/Cellar/python@2/2.7.15_1/Frameworks/Python.framework/Versions/2.7/lib/python2.7/posixpath.py", line 360, in abspath
    if not isabs(path):
  File "/usr/local/Cellar/python@2/2.7.15_1/Frameworks/Python.framework/Versions/2.7/lib/python2.7/posixpath.py", line 54, in isabs
    return s.startswith('/')
AttributeError: 'builtin_function_or_method' object has no attribute 'startswith'
Starting main while loop in 4 seconds
unknown exception
Traceback (most recent call last):
  File "dirwatch.py", line 104, in main
    watch_directory(dir)
  File "dirwatch.py", line 42, in watch_directory
    directory = path.join([os.path.relpath(os.getcwd), "/", dir])
  File "/usr/local/Cellar/python@2/2.7.15_1/Frameworks/Python.framework/Versions/2.7/lib/python2.7/posixpath.py", line 431, in relpath
    path_list = [x for x in abspath(path).split(sep) if x]
  File "/usr/local/Cellar/python@2/2.7.15_1/Frameworks/Python.framework/Versions/2.7/lib/python2.7/posixpath.py", line 360, in abspath
    if not isabs(path):
  File "/usr/local/Cellar/python@2/2.7.15_1/Frameworks/Python.framework/Versions/2.7/lib/python2.7/posixpath.py", line 54, in isabs
    return s.startswith('/')
AttributeError: 'builtin_function_or_method' object has no attribute 'startswith'
Starting main while loop in 4 seconds
unknown exception
Traceback (most recent call last):
  File "dirwatch.py", line 104, in main
    watch_directory(dir)
  File "dirwatch.py", line 42, in watch_directory
    directory = path.join([os.path.relpath(os.getcwd), "/", dir])
  File "/usr/local/Cellar/python@2/2.7.15_1/Frameworks/Python.framework/Versions/2.7/lib/python2.7/posixpath.py", line 431, in relpath
    path_list = [x for x in abspath(path).split(sep) if x]
  File "/usr/local/Cellar/python@2/2.7.15_1/Frameworks/Python.framework/Versions/2.7/lib/python2.7/posixpath.py", line 360, in abspath
    if not isabs(path):
  File "/usr/local/Cellar/python@2/2.7.15_1/Frameworks/Python.framework/Versions/2.7/lib/python2.7/posixpath.py", line 54, in isabs
    return s.startswith('/')
AttributeError: 'builtin_function_or_method' object has no attribute 'startswith'
Starting main while loop in 4 seconds
unknown exception
Traceback (most recent call last):
  File "dirwatch.py", line 104, in main
    watch_directory(dir)
  File "dirwatch.py", line 42, in watch_directory
    directory = path.join([os.path.relpath(os.getcwd), "/", dir])
  File "/usr/local/Cellar/python@2/2.7.15_1/Frameworks/Python.framework/Versions/2.7/lib/python2.7/posixpath.py", line 431, in relpath
    path_list = [x for x in abspath(path).split(sep) if x]
  File "/usr/local/Cellar/python@2/2.7.15_1/Frameworks/Python.framework/Versions/2.7/lib/python2.7/posixpath.py", line 360, in abspath
    if not isabs(path):
  File "/usr/local/Cellar/python@2/2.7.15_1/Frameworks/Python.framework/Versions/2.7/lib/python2.7/posixpath.py", line 54, in isabs
    return s.startswith('/')
AttributeError: 'builtin_function_or_method' object has no attribute 'startswith'
Starting main while loop in 4 seconds
unknown exception
Traceback (most recent call last):
  File "dirwatch.py", line 104, in main
    watch_directory(dir)
  File "dirwatch.py", line 42, in watch_directory
    directory = path.join([os.path.relpath(os.getcwd), "/", dir])
  File "/usr/local/Cellar/python@2/2.7.15_1/Frameworks/Python.framework/Versions/2.7/lib/python2.7/posixpath.py", line 431, in relpath
    path_list = [x for x in abspath(path).split(sep) if x]
  File "/usr/local/Cellar/python@2/2.7.15_1/Frameworks/Python.framework/Versions/2.7/lib/python2.7/posixpath.py", line 360, in abspath
    if not isabs(path):
  File "/usr/local/Cellar/python@2/2.7.15_1/Frameworks/Python.framework/Versions/2.7/lib/python2.7/posixpath.py", line 54, in isabs
    return s.startswith('/')
AttributeError: 'builtin_function_or_method' object has no attribute 'startswith'
Starting main while loop in 4 seconds
unknown exception
Traceback (most recent call last):
  File "dirwatch.py", line 104, in main
    watch_directory(dir)
  File "dirwatch.py", line 42, in watch_directory
    directory = path.join([os.path.relpath(os.getcwd), "/", dir])
  File "/usr/local/Cellar/python@2/2.7.15_1/Frameworks/Python.framework/Versions/2.7/lib/python2.7/posixpath.py", line 431, in relpath
    path_list = [x for x in abspath(path).split(sep) if x]
  File "/usr/local/Cellar/python@2/2.7.15_1/Frameworks/Python.framework/Versions/2.7/lib/python2.7/posixpath.py", line 360, in abspath
    if not isabs(path):
  File "/usr/local/Cellar/python@2/2.7.15_1/Frameworks/Python.framework/Versions/2.7/lib/python2.7/posixpath.py", line 54, in isabs
    return s.startswith('/')
AttributeError: 'builtin_function_or_method' object has no attribute 'startswith'
Starting main while loop in 4 seconds
unknown exception
Traceback (most recent call last):
  File "dirwatch.py", line 104, in main
    watch_directory(dir)
  File "dirwatch.py", line 42, in watch_directory
    directory = path.join([os.path.relpath(os.getcwd), "/", dir])
  File "/usr/local/Cellar/python@2/2.7.15_1/Frameworks/Python.framework/Versions/2.7/lib/python2.7/posixpath.py", line 431, in relpath
    path_list = [x for x in abspath(path).split(sep) if x]
  File "/usr/local/Cellar/python@2/2.7.15_1/Frameworks/Python.framework/Versions/2.7/lib/python2.7/posixpath.py", line 360, in abspath
    if not isabs(path):
  File "/usr/local/Cellar/python@2/2.7.15_1/Frameworks/Python.framework/Versions/2.7/lib/python2.7/posixpath.py", line 54, in isabs
    return s.startswith('/')
AttributeError: 'builtin_function_or_method' object has no attribute 'startswith'
Starting main while loop in 4 seconds
unknown exception
Traceback (most recent call last):
  File "dirwatch.py", line 104, in main
    watch_directory(dir)
  File "dirwatch.py", line 42, in watch_directory
    directory = path.join([os.path.relpath(os.getcwd), "/", dir])
  File "/usr/local/Cellar/python@2/2.7.15_1/Frameworks/Python.framework/Versions/2.7/lib/python2.7/posixpath.py", line 431, in relpath
    path_list = [x for x in abspath(path).split(sep) if x]
  File "/usr/local/Cellar/python@2/2.7.15_1/Frameworks/Python.framework/Versions/2.7/lib/python2.7/posixpath.py", line 360, in abspath
    if not isabs(path):
  File "/usr/local/Cellar/python@2/2.7.15_1/Frameworks/Python.framework/Versions/2.7/lib/python2.7/posixpath.py", line 54, in isabs
    return s.startswith('/')
AttributeError: 'builtin_function_or_method' object has no attribute 'startswith'
Starting main while loop in 4 seconds
unknown exception
Traceback (most recent call last):
  File "dirwatch.py", line 104, in main
    watch_directory(dir)
  File "dirwatch.py", line 42, in watch_directory
    directory = path.join([os.path.relpath(os.getcwd), "/", dir])
  File "/usr/local/Cellar/python@2/2.7.15_1/Frameworks/Python.framework/Versions/2.7/lib/python2.7/posixpath.py", line 431, in relpath
    path_list = [x for x in abspath(path).split(sep) if x]
  File "/usr/local/Cellar/python@2/2.7.15_1/Frameworks/Python.framework/Versions/2.7/lib/python2.7/posixpath.py", line 360, in abspath
    if not isabs(path):
  File "/usr/local/Cellar/python@2/2.7.15_1/Frameworks/Python.framework/Versions/2.7/lib/python2.7/posixpath.py", line 54, in isabs
    return s.startswith('/')
AttributeError: 'builtin_function_or_method' object has no attribute 'startswith'
Starting main while loop in 4 seconds
unknown exception
Traceback (most recent call last):
  File "dirwatch.py", line 104, in main
    watch_directory(dir)
  File "dirwatch.py", line 42, in watch_directory
    directory = path.join([os.path.relpath(os.getcwd), "/", dir])
  File "/usr/local/Cellar/python@2/2.7.15_1/Frameworks/Python.framework/Versions/2.7/lib/python2.7/posixpath.py", line 431, in relpath
    path_list = [x for x in abspath(path).split(sep) if x]
  File "/usr/local/Cellar/python@2/2.7.15_1/Frameworks/Python.framework/Versions/2.7/lib/python2.7/posixpath.py", line 360, in abspath
    if not isabs(path):
  File "/usr/local/Cellar/python@2/2.7.15_1/Frameworks/Python.framework/Versions/2.7/lib/python2.7/posixpath.py", line 54, in isabs
    return s.startswith('/')
AttributeError: 'builtin_function_or_method' object has no attribute 'startswith'
Starting main while loop in 4 seconds
unknown exception
Traceback (most recent call last):
  File "dirwatch.py", line 104, in main
    watch_directory(dir)
  File "dirwatch.py", line 42, in watch_directory
    directory = path.join([os.path.relpath(os.getcwd), "/", dir])
  File "/usr/local/Cellar/python@2/2.7.15_1/Frameworks/Python.framework/Versions/2.7/lib/python2.7/posixpath.py", line 431, in relpath
    path_list = [x for x in abspath(path).split(sep) if x]
  File "/usr/local/Cellar/python@2/2.7.15_1/Frameworks/Python.framework/Versions/2.7/lib/python2.7/posixpath.py", line 360, in abspath
    if not isabs(path):
  File "/usr/local/Cellar/python@2/2.7.15_1/Frameworks/Python.framework/Versions/2.7/lib/python2.7/posixpath.py", line 54, in isabs
    return s.startswith('/')
AttributeError: 'builtin_function_or_method' object has no attribute 'startswith'
Starting main while loop in 4 seconds
unknown exception
Traceback (most recent call last):
  File "dirwatch.py", line 104, in main
    watch_directory(dir)
  File "dirwatch.py", line 42, in watch_directory
    directory = path.join([os.path.relpath(os.getcwd), "/", dir])
  File "/usr/local/Cellar/python@2/2.7.15_1/Frameworks/Python.framework/Versions/2.7/lib/python2.7/posixpath.py", line 431, in relpath
    path_list = [x for x in abspath(path).split(sep) if x]
  File "/usr/local/Cellar/python@2/2.7.15_1/Frameworks/Python.framework/Versions/2.7/lib/python2.7/posixpath.py", line 360, in abspath
    if not isabs(path):
  File "/usr/local/Cellar/python@2/2.7.15_1/Frameworks/Python.framework/Versions/2.7/lib/python2.7/posixpath.py", line 54, in isabs
    return s.startswith('/')
AttributeError: 'builtin_function_or_method' object has no attribute 'startswith'
Starting main while loop in 4 seconds
unknown exception
Traceback (most recent call last):
  File "dirwatch.py", line 104, in main
    watch_directory(dir)
  File "dirwatch.py", line 42, in watch_directory
    directory = path.join([os.path.relpath(os.getcwd), "/", dir])
  File "/usr/local/Cellar/python@2/2.7.15_1/Frameworks/Python.framework/Versions/2.7/lib/python2.7/posixpath.py", line 431, in relpath
    path_list = [x for x in abspath(path).split(sep) if x]
  File "/usr/local/Cellar/python@2/2.7.15_1/Frameworks/Python.framework/Versions/2.7/lib/python2.7/posixpath.py", line 360, in abspath
    if not isabs(path):
  File "/usr/local/Cellar/python@2/2.7.15_1/Frameworks/Python.framework/Versions/2.7/lib/python2.7/posixpath.py", line 54, in isabs
    return s.startswith('/')
AttributeError: 'builtin_function_or_method' object has no attribute 'startswith'
Starting main while loop in 4 seconds
unknown exception
Traceback (most recent call last):
  File "dirwatch.py", line 104, in main
    watch_directory(dir)
  File "dirwatch.py", line 42, in watch_directory
    directory = path.join([os.path.relpath(os.getcwd), "/", dir])
  File "/usr/local/Cellar/python@2/2.7.15_1/Frameworks/Python.framework/Versions/2.7/lib/python2.7/posixpath.py", line 431, in relpath
    path_list = [x for x in abspath(path).split(sep) if x]
  File "/usr/local/Cellar/python@2/2.7.15_1/Frameworks/Python.framework/Versions/2.7/lib/python2.7/posixpath.py", line 360, in abspath
    if not isabs(path):
  File "/usr/local/Cellar/python@2/2.7.15_1/Frameworks/Python.framework/Versions/2.7/lib/python2.7/posixpath.py", line 54, in isabs
    return s.startswith('/')
AttributeError: 'builtin_function_or_method' object has no attribute 'startswith'
Starting main while loop in 4 seconds
unknown exception
Traceback (most recent call last):
  File "dirwatch.py", line 104, in main
    watch_directory(dir)
  File "dirwatch.py", line 42, in watch_directory
    directory = path.join([os.path.relpath(os.getcwd), "/", dir])
  File "/usr/local/Cellar/python@2/2.7.15_1/Frameworks/Python.framework/Versions/2.7/lib/python2.7/posixpath.py", line 431, in relpath
    path_list = [x for x in abspath(path).split(sep) if x]
  File "/usr/local/Cellar/python@2/2.7.15_1/Frameworks/Python.framework/Versions/2.7/lib/python2.7/posixpath.py", line 360, in abspath
    if not isabs(path):
  File "/usr/local/Cellar/python@2/2.7.15_1/Frameworks/Python.framework/Versions/2.7/lib/python2.7/posixpath.py", line 54, in isabs
    return s.startswith('/')
AttributeError: 'builtin_function_or_method' object has no attribute 'startswith'
Starting main while loop in 4 seconds
unknown exception
Traceback (most recent call last):
  File "dirwatch.py", line 104, in main
    watch_directory(dir)
  File "dirwatch.py", line 42, in watch_directory
    directory = path.join([os.path.relpath(os.getcwd), "/", dir])
  File "/usr/local/Cellar/python@2/2.7.15_1/Frameworks/Python.framework/Versions/2.7/lib/python2.7/posixpath.py", line 431, in relpath
    path_list = [x for x in abspath(path).split(sep) if x]
  File "/usr/local/Cellar/python@2/2.7.15_1/Frameworks/Python.framework/Versions/2.7/lib/python2.7/posixpath.py", line 360, in abspath
    if not isabs(path):
  File "/usr/local/Cellar/python@2/2.7.15_1/Frameworks/Python.framework/Versions/2.7/lib/python2.7/posixpath.py", line 54, in isabs
    return s.startswith('/')
AttributeError: 'builtin_function_or_method' object has no attribute 'startswith'
Starting main while loop in 4 seconds
unknown exception
Traceback (most recent call last):
  File "dirwatch.py", line 104, in main
    watch_directory(dir)
  File "dirwatch.py", line 42, in watch_directory
    directory = path.join([os.path.relpath(os.getcwd), "/", dir])
  File "/usr/local/Cellar/python@2/2.7.15_1/Frameworks/Python.framework/Versions/2.7/lib/python2.7/posixpath.py", line 431, in relpath
    path_list = [x for x in abspath(path).split(sep) if x]
  File "/usr/local/Cellar/python@2/2.7.15_1/Frameworks/Python.framework/Versions/2.7/lib/python2.7/posixpath.py", line 360, in abspath
    if not isabs(path):
  File "/usr/local/Cellar/python@2/2.7.15_1/Frameworks/Python.framework/Versions/2.7/lib/python2.7/posixpath.py", line 54, in isabs
    return s.startswith('/')
AttributeError: 'builtin_function_or_method' object has no attribute 'startswith'
Starting main while loop in 4 seconds
unknown exception
Traceback (most recent call last):
  File "dirwatch.py", line 104, in main
    watch_directory(dir)
  File "dirwatch.py", line 42, in watch_directory
    directory = path.join([os.path.relpath(os.getcwd), "/", dir])
  File "/usr/local/Cellar/python@2/2.7.15_1/Frameworks/Python.framework/Versions/2.7/lib/python2.7/posixpath.py", line 431, in relpath
    path_list = [x for x in abspath(path).split(sep) if x]
  File "/usr/local/Cellar/python@2/2.7.15_1/Frameworks/Python.framework/Versions/2.7/lib/python2.7/posixpath.py", line 360, in abspath
    if not isabs(path):
  File "/usr/local/Cellar/python@2/2.7.15_1/Frameworks/Python.framework/Versions/2.7/lib/python2.7/posixpath.py", line 54, in isabs
    return s.startswith('/')
AttributeError: 'builtin_function_or_method' object has no attribute 'startswith'
Starting main while loop in 4 seconds
unknown exception
Traceback (most recent call last):
  File "dirwatch.py", line 104, in main
    watch_directory(dir)
  File "dirwatch.py", line 42, in watch_directory
    directory = path.join([os.path.relpath(os.getcwd), "/", dir])
  File "/usr/local/Cellar/python@2/2.7.15_1/Frameworks/Python.framework/Versions/2.7/lib/python2.7/posixpath.py", line 431, in relpath
    path_list = [x for x in abspath(path).split(sep) if x]
  File "/usr/local/Cellar/python@2/2.7.15_1/Frameworks/Python.framework/Versions/2.7/lib/python2.7/posixpath.py", line 360, in abspath
    if not isabs(path):
  File "/usr/local/Cellar/python@2/2.7.15_1/Frameworks/Python.framework/Versions/2.7/lib/python2.7/posixpath.py", line 54, in isabs
    return s.startswith('/')
AttributeError: 'builtin_function_or_method' object has no attribute 'startswith'
Starting main while loop in 4 seconds
unknown exception
Traceback (most recent call last):
  File "dirwatch.py", line 104, in main
    watch_directory(dir)
  File "dirwatch.py", line 42, in watch_directory
    directory = path.join([os.path.relpath(os.getcwd), "/", dir])
  File "/usr/local/Cellar/python@2/2.7.15_1/Frameworks/Python.framework/Versions/2.7/lib/python2.7/posixpath.py", line 431, in relpath
    path_list = [x for x in abspath(path).split(sep) if x]
  File "/usr/local/Cellar/python@2/2.7.15_1/Frameworks/Python.framework/Versions/2.7/lib/python2.7/posixpath.py", line 360, in abspath
    if not isabs(path):
  File "/usr/local/Cellar/python@2/2.7.15_1/Frameworks/Python.framework/Versions/2.7/lib/python2.7/posixpath.py", line 54, in isabs
    return s.startswith('/')
AttributeError: 'builtin_function_or_method' object has no attribute 'startswith'
Starting main while loop in 4 seconds
unknown exception
Traceback (most recent call last):
  File "dirwatch.py", line 104, in main
    watch_directory(dir)
  File "dirwatch.py", line 42, in watch_directory
    directory = path.join([os.path.relpath(os.getcwd), "/", dir])
  File "/usr/local/Cellar/python@2/2.7.15_1/Frameworks/Python.framework/Versions/2.7/lib/python2.7/posixpath.py", line 431, in relpath
    path_list = [x for x in abspath(path).split(sep) if x]
  File "/usr/local/Cellar/python@2/2.7.15_1/Frameworks/Python.framework/Versions/2.7/lib/python2.7/posixpath.py", line 360, in abspath
    if not isabs(path):
  File "/usr/local/Cellar/python@2/2.7.15_1/Frameworks/Python.framework/Versions/2.7/lib/python2.7/posixpath.py", line 54, in isabs
    return s.startswith('/')
AttributeError: 'builtin_function_or_method' object has no attribute 'startswith'
Starting main while loop in 4 seconds
unknown exception
Traceback (most recent call last):
  File "dirwatch.py", line 104, in main
    watch_directory(dir)
  File "dirwatch.py", line 42, in watch_directory
    directory = path.join([os.path.relpath(os.getcwd), "/", dir])
  File "/usr/local/Cellar/python@2/2.7.15_1/Frameworks/Python.framework/Versions/2.7/lib/python2.7/posixpath.py", line 431, in relpath
    path_list = [x for x in abspath(path).split(sep) if x]
  File "/usr/local/Cellar/python@2/2.7.15_1/Frameworks/Python.framework/Versions/2.7/lib/python2.7/posixpath.py", line 360, in abspath
    if not isabs(path):
  File "/usr/local/Cellar/python@2/2.7.15_1/Frameworks/Python.framework/Versions/2.7/lib/python2.7/posixpath.py", line 54, in isabs
    return s.startswith('/')
AttributeError: 'builtin_function_or_method' object has no attribute 'startswith'
Starting main while loop in 4 seconds
unknown exception
Traceback (most recent call last):
  File "dirwatch.py", line 104, in main
    watch_directory(dir)
  File "dirwatch.py", line 42, in watch_directory
    directory = path.join([os.path.relpath(os.getcwd), "/", dir])
  File "/usr/local/Cellar/python@2/2.7.15_1/Frameworks/Python.framework/Versions/2.7/lib/python2.7/posixpath.py", line 431, in relpath
    path_list = [x for x in abspath(path).split(sep) if x]
  File "/usr/local/Cellar/python@2/2.7.15_1/Frameworks/Python.framework/Versions/2.7/lib/python2.7/posixpath.py", line 360, in abspath
    if not isabs(path):
  File "/usr/local/Cellar/python@2/2.7.15_1/Frameworks/Python.framework/Versions/2.7/lib/python2.7/posixpath.py", line 54, in isabs
    return s.startswith('/')
AttributeError: 'builtin_function_or_method' object has no attribute 'startswith'
Starting main while loop in 4 seconds
unknown exception
Traceback (most recent call last):
  File "dirwatch.py", line 104, in main
    watch_directory(dir)
  File "dirwatch.py", line 42, in watch_directory
    directory = path.join([os.path.relpath(os.getcwd), "/", dir])
  File "/usr/local/Cellar/python@2/2.7.15_1/Frameworks/Python.framework/Versions/2.7/lib/python2.7/posixpath.py", line 431, in relpath
    path_list = [x for x in abspath(path).split(sep) if x]
  File "/usr/local/Cellar/python@2/2.7.15_1/Frameworks/Python.framework/Versions/2.7/lib/python2.7/posixpath.py", line 360, in abspath
    if not isabs(path):
  File "/usr/local/Cellar/python@2/2.7.15_1/Frameworks/Python.framework/Versions/2.7/lib/python2.7/posixpath.py", line 54, in isabs
    return s.startswith('/')
AttributeError: 'builtin_function_or_method' object has no attribute 'startswith'
Starting main while loop in 4 seconds
unknown exception
Traceback (most recent call last):
  File "dirwatch.py", line 104, in main
    watch_directory(dir)
  File "dirwatch.py", line 42, in watch_directory
    directory = path.join([os.path.relpath(os.getcwd), "/", dir])
  File "/usr/local/Cellar/python@2/2.7.15_1/Frameworks/Python.framework/Versions/2.7/lib/python2.7/posixpath.py", line 431, in relpath
    path_list = [x for x in abspath(path).split(sep) if x]
  File "/usr/local/Cellar/python@2/2.7.15_1/Frameworks/Python.framework/Versions/2.7/lib/python2.7/posixpath.py", line 360, in abspath
    if not isabs(path):
  File "/usr/local/Cellar/python@2/2.7.15_1/Frameworks/Python.framework/Versions/2.7/lib/python2.7/posixpath.py", line 54, in isabs
    return s.startswith('/')
AttributeError: 'builtin_function_or_method' object has no attribute 'startswith'
Starting main while loop in 4 seconds
unknown exception
Traceback (most recent call last):
  File "dirwatch.py", line 104, in main
    watch_directory(dir)
  File "dirwatch.py", line 42, in watch_directory
    directory = path.join([os.path.relpath(os.getcwd), "/", dir])
  File "/usr/local/Cellar/python@2/2.7.15_1/Frameworks/Python.framework/Versions/2.7/lib/python2.7/posixpath.py", line 431, in relpath
    path_list = [x for x in abspath(path).split(sep) if x]
  File "/usr/local/Cellar/python@2/2.7.15_1/Frameworks/Python.framework/Versions/2.7/lib/python2.7/posixpath.py", line 360, in abspath
    if not isabs(path):
  File "/usr/local/Cellar/python@2/2.7.15_1/Frameworks/Python.framework/Versions/2.7/lib/python2.7/posixpath.py", line 54, in isabs
    return s.startswith('/')
AttributeError: 'builtin_function_or_method' object has no attribute 'startswith'
Starting main while loop in 4 seconds
unknown exception
Traceback (most recent call last):
  File "dirwatch.py", line 104, in main
    watch_directory(dir)
  File "dirwatch.py", line 42, in watch_directory
    directory = path.join([os.path.relpath(os.getcwd), "/", dir])
  File "/usr/local/Cellar/python@2/2.7.15_1/Frameworks/Python.framework/Versions/2.7/lib/python2.7/posixpath.py", line 431, in relpath
    path_list = [x for x in abspath(path).split(sep) if x]
  File "/usr/local/Cellar/python@2/2.7.15_1/Frameworks/Python.framework/Versions/2.7/lib/python2.7/posixpath.py", line 360, in abspath
    if not isabs(path):
  File "/usr/local/Cellar/python@2/2.7.15_1/Frameworks/Python.framework/Versions/2.7/lib/python2.7/posixpath.py", line 54, in isabs
    return s.startswith('/')
AttributeError: 'builtin_function_or_method' object has no attribute 'startswith'
Starting main while loop in 4 seconds
unknown exception
Traceback (most recent call last):
  File "dirwatch.py", line 104, in main
    watch_directory(dir)
  File "dirwatch.py", line 42, in watch_directory
    directory = path.join([os.path.relpath(os.getcwd), "/", dir])
  File "/usr/local/Cellar/python@2/2.7.15_1/Frameworks/Python.framework/Versions/2.7/lib/python2.7/posixpath.py", line 431, in relpath
    path_list = [x for x in abspath(path).split(sep) if x]
  File "/usr/local/Cellar/python@2/2.7.15_1/Frameworks/Python.framework/Versions/2.7/lib/python2.7/posixpath.py", line 360, in abspath
    if not isabs(path):
  File "/usr/local/Cellar/python@2/2.7.15_1/Frameworks/Python.framework/Versions/2.7/lib/python2.7/posixpath.py", line 54, in isabs
    return s.startswith('/')
AttributeError: 'builtin_function_or_method' object has no attribute 'startswith'
Starting main while loop in 4 seconds
unknown exception
Traceback (most recent call last):
  File "dirwatch.py", line 104, in main
    watch_directory(dir)
  File "dirwatch.py", line 42, in watch_directory
    directory = path.join([os.path.relpath(os.getcwd), "/", dir])
  File "/usr/local/Cellar/python@2/2.7.15_1/Frameworks/Python.framework/Versions/2.7/lib/python2.7/posixpath.py", line 431, in relpath
    path_list = [x for x in abspath(path).split(sep) if x]
  File "/usr/local/Cellar/python@2/2.7.15_1/Frameworks/Python.framework/Versions/2.7/lib/python2.7/posixpath.py", line 360, in abspath
    if not isabs(path):
  File "/usr/local/Cellar/python@2/2.7.15_1/Frameworks/Python.framework/Versions/2.7/lib/python2.7/posixpath.py", line 54, in isabs
    return s.startswith('/')
AttributeError: 'builtin_function_or_method' object has no attribute 'startswith'
Starting main while loop in 4 seconds
unknown exception
Traceback (most recent call last):
  File "dirwatch.py", line 104, in main
    watch_directory(dir)
  File "dirwatch.py", line 42, in watch_directory
    directory = path.join([os.path.relpath(os.getcwd), "/", dir])
  File "/usr/local/Cellar/python@2/2.7.15_1/Frameworks/Python.framework/Versions/2.7/lib/python2.7/posixpath.py", line 431, in relpath
    path_list = [x for x in abspath(path).split(sep) if x]
  File "/usr/local/Cellar/python@2/2.7.15_1/Frameworks/Python.framework/Versions/2.7/lib/python2.7/posixpath.py", line 360, in abspath
    if not isabs(path):
  File "/usr/local/Cellar/python@2/2.7.15_1/Frameworks/Python.framework/Versions/2.7/lib/python2.7/posixpath.py", line 54, in isabs
    return s.startswith('/')
AttributeError: 'builtin_function_or_method' object has no attribute 'startswith'
Starting main while loop in 4 seconds
unknown exception
Traceback (most recent call last):
  File "dirwatch.py", line 104, in main
    watch_directory(dir)
  File "dirwatch.py", line 42, in watch_directory
    directory = path.join([os.path.relpath(os.getcwd), "/", dir])
  File "/usr/local/Cellar/python@2/2.7.15_1/Frameworks/Python.framework/Versions/2.7/lib/python2.7/posixpath.py", line 431, in relpath
    path_list = [x for x in abspath(path).split(sep) if x]
  File "/usr/local/Cellar/python@2/2.7.15_1/Frameworks/Python.framework/Versions/2.7/lib/python2.7/posixpath.py", line 360, in abspath
    if not isabs(path):
  File "/usr/local/Cellar/python@2/2.7.15_1/Frameworks/Python.framework/Versions/2.7/lib/python2.7/posixpath.py", line 54, in isabs
    return s.startswith('/')
AttributeError: 'builtin_function_or_method' object has no attribute 'startswith'
Starting main while loop in 4 seconds
unknown exception
Traceback (most recent call last):
  File "dirwatch.py", line 104, in main
    watch_directory(dir)
  File "dirwatch.py", line 42, in watch_directory
    directory = path.join([os.path.relpath(os.getcwd), "/", dir])
  File "/usr/local/Cellar/python@2/2.7.15_1/Frameworks/Python.framework/Versions/2.7/lib/python2.7/posixpath.py", line 431, in relpath
    path_list = [x for x in abspath(path).split(sep) if x]
  File "/usr/local/Cellar/python@2/2.7.15_1/Frameworks/Python.framework/Versions/2.7/lib/python2.7/posixpath.py", line 360, in abspath
    if not isabs(path):
  File "/usr/local/Cellar/python@2/2.7.15_1/Frameworks/Python.framework/Versions/2.7/lib/python2.7/posixpath.py", line 54, in isabs
    return s.startswith('/')
AttributeError: 'builtin_function_or_method' object has no attribute 'startswith'
Starting main while loop in 4 seconds
unknown exception
Traceback (most recent call last):
  File "dirwatch.py", line 104, in main
    watch_directory(dir)
  File "dirwatch.py", line 42, in watch_directory
    directory = path.join([os.path.relpath(os.getcwd), "/", dir])
  File "/usr/local/Cellar/python@2/2.7.15_1/Frameworks/Python.framework/Versions/2.7/lib/python2.7/posixpath.py", line 431, in relpath
    path_list = [x for x in abspath(path).split(sep) if x]
  File "/usr/local/Cellar/python@2/2.7.15_1/Frameworks/Python.framework/Versions/2.7/lib/python2.7/posixpath.py", line 360, in abspath
    if not isabs(path):
  File "/usr/local/Cellar/python@2/2.7.15_1/Frameworks/Python.framework/Versions/2.7/lib/python2.7/posixpath.py", line 54, in isabs
    return s.startswith('/')
AttributeError: 'builtin_function_or_method' object has no attribute 'startswith'
Starting main while loop in 4 seconds
unknown exception
Traceback (most recent call last):
  File "dirwatch.py", line 104, in main
    watch_directory(dir)
  File "dirwatch.py", line 42, in watch_directory
    directory = path.join([os.path.relpath(os.getcwd), "/", dir])
  File "/usr/local/Cellar/python@2/2.7.15_1/Frameworks/Python.framework/Versions/2.7/lib/python2.7/posixpath.py", line 431, in relpath
    path_list = [x for x in abspath(path).split(sep) if x]
  File "/usr/local/Cellar/python@2/2.7.15_1/Frameworks/Python.framework/Versions/2.7/lib/python2.7/posixpath.py", line 360, in abspath
    if not isabs(path):
  File "/usr/local/Cellar/python@2/2.7.15_1/Frameworks/Python.framework/Versions/2.7/lib/python2.7/posixpath.py", line 54, in isabs
    return s.startswith('/')
AttributeError: 'builtin_function_or_method' object has no attribute 'startswith'
Starting main while loop in 4 seconds
unknown exception
Traceback (most recent call last):
  File "dirwatch.py", line 104, in main
    watch_directory(dir)
  File "dirwatch.py", line 42, in watch_directory
    directory = path.join([os.path.relpath(os.getcwd), "/", dir])
  File "/usr/local/Cellar/python@2/2.7.15_1/Frameworks/Python.framework/Versions/2.7/lib/python2.7/posixpath.py", line 431, in relpath
    path_list = [x for x in abspath(path).split(sep) if x]
  File "/usr/local/Cellar/python@2/2.7.15_1/Frameworks/Python.framework/Versions/2.7/lib/python2.7/posixpath.py", line 360, in abspath
    if not isabs(path):
  File "/usr/local/Cellar/python@2/2.7.15_1/Frameworks/Python.framework/Versions/2.7/lib/python2.7/posixpath.py", line 54, in isabs
    return s.startswith('/')
AttributeError: 'builtin_function_or_method' object has no attribute 'startswith'
Starting main while loop in 4 seconds
unknown exception
Traceback (most recent call last):
  File "dirwatch.py", line 104, in main
    watch_directory(dir)
  File "dirwatch.py", line 42, in watch_directory
    directory = path.join([os.path.relpath(os.getcwd), "/", dir])
  File "/usr/local/Cellar/python@2/2.7.15_1/Frameworks/Python.framework/Versions/2.7/lib/python2.7/posixpath.py", line 431, in relpath
    path_list = [x for x in abspath(path).split(sep) if x]
  File "/usr/local/Cellar/python@2/2.7.15_1/Frameworks/Python.framework/Versions/2.7/lib/python2.7/posixpath.py", line 360, in abspath
    if not isabs(path):
  File "/usr/local/Cellar/python@2/2.7.15_1/Frameworks/Python.framework/Versions/2.7/lib/python2.7/posixpath.py", line 54, in isabs
    return s.startswith('/')
AttributeError: 'builtin_function_or_method' object has no attribute 'startswith'
Starting main while loop in 4 seconds
unknown exception
Traceback (most recent call last):
  File "dirwatch.py", line 104, in main
    watch_directory(dir)
  File "dirwatch.py", line 42, in watch_directory
    directory = path.join([os.path.relpath(os.getcwd), "/", dir])
  File "/usr/local/Cellar/python@2/2.7.15_1/Frameworks/Python.framework/Versions/2.7/lib/python2.7/posixpath.py", line 431, in relpath
    path_list = [x for x in abspath(path).split(sep) if x]
  File "/usr/local/Cellar/python@2/2.7.15_1/Frameworks/Python.framework/Versions/2.7/lib/python2.7/posixpath.py", line 360, in abspath
    if not isabs(path):
  File "/usr/local/Cellar/python@2/2.7.15_1/Frameworks/Python.framework/Versions/2.7/lib/python2.7/posixpath.py", line 54, in isabs
    return s.startswith('/')
AttributeError: 'builtin_function_or_method' object has no attribute 'startswith'
Starting main while loop in 4 seconds
unknown exception
Traceback (most recent call last):
  File "dirwatch.py", line 104, in main
    watch_directory(dir)
  File "dirwatch.py", line 42, in watch_directory
    directory = path.join([os.path.relpath(os.getcwd), "/", dir])
  File "/usr/local/Cellar/python@2/2.7.15_1/Frameworks/Python.framework/Versions/2.7/lib/python2.7/posixpath.py", line 431, in relpath
    path_list = [x for x in abspath(path).split(sep) if x]
  File "/usr/local/Cellar/python@2/2.7.15_1/Frameworks/Python.framework/Versions/2.7/lib/python2.7/posixpath.py", line 360, in abspath
    if not isabs(path):
  File "/usr/local/Cellar/python@2/2.7.15_1/Frameworks/Python.framework/Versions/2.7/lib/python2.7/posixpath.py", line 54, in isabs
    return s.startswith('/')
AttributeError: 'builtin_function_or_method' object has no attribute 'startswith'
Starting main while loop in 4 seconds
unknown exception
Traceback (most recent call last):
  File "dirwatch.py", line 104, in main
    watch_directory(dir)
  File "dirwatch.py", line 42, in watch_directory
    directory = path.join([os.path.relpath(os.getcwd), "/", dir])
  File "/usr/local/Cellar/python@2/2.7.15_1/Frameworks/Python.framework/Versions/2.7/lib/python2.7/posixpath.py", line 431, in relpath
    path_list = [x for x in abspath(path).split(sep) if x]
  File "/usr/local/Cellar/python@2/2.7.15_1/Frameworks/Python.framework/Versions/2.7/lib/python2.7/posixpath.py", line 360, in abspath
    if not isabs(path):
  File "/usr/local/Cellar/python@2/2.7.15_1/Frameworks/Python.framework/Versions/2.7/lib/python2.7/posixpath.py", line 54, in isabs
    return s.startswith('/')
AttributeError: 'builtin_function_or_method' object has no attribute 'startswith'
Starting main while loop in 4 seconds
unknown exception
Traceback (most recent call last):
  File "dirwatch.py", line 104, in main
    watch_directory(dir)
  File "dirwatch.py", line 42, in watch_directory
    directory = path.join([os.path.relpath(os.getcwd), "/", dir])
  File "/usr/local/Cellar/python@2/2.7.15_1/Frameworks/Python.framework/Versions/2.7/lib/python2.7/posixpath.py", line 431, in relpath
    path_list = [x for x in abspath(path).split(sep) if x]
  File "/usr/local/Cellar/python@2/2.7.15_1/Frameworks/Python.framework/Versions/2.7/lib/python2.7/posixpath.py", line 360, in abspath
    if not isabs(path):
  File "/usr/local/Cellar/python@2/2.7.15_1/Frameworks/Python.framework/Versions/2.7/lib/python2.7/posixpath.py", line 54, in isabs
    return s.startswith('/')
AttributeError: 'builtin_function_or_method' object has no attribute 'startswith'
Starting main while loop in 4 seconds
unknown exception
Traceback (most recent call last):
  File "dirwatch.py", line 104, in main
    watch_directory(dir)
  File "dirwatch.py", line 42, in watch_directory
    directory = path.join([os.path.relpath(os.getcwd), "/", dir])
  File "/usr/local/Cellar/python@2/2.7.15_1/Frameworks/Python.framework/Versions/2.7/lib/python2.7/posixpath.py", line 431, in relpath
    path_list = [x for x in abspath(path).split(sep) if x]
  File "/usr/local/Cellar/python@2/2.7.15_1/Frameworks/Python.framework/Versions/2.7/lib/python2.7/posixpath.py", line 360, in abspath
    if not isabs(path):
  File "/usr/local/Cellar/python@2/2.7.15_1/Frameworks/Python.framework/Versions/2.7/lib/python2.7/posixpath.py", line 54, in isabs
    return s.startswith('/')
AttributeError: 'builtin_function_or_method' object has no attribute 'startswith'
Starting main while loop in 4 seconds
unknown exception
Traceback (most recent call last):
  File "dirwatch.py", line 104, in main
    watch_directory(dir)
  File "dirwatch.py", line 42, in watch_directory
    directory = path.join([os.path.relpath(os.getcwd), "/", dir])
  File "/usr/local/Cellar/python@2/2.7.15_1/Frameworks/Python.framework/Versions/2.7/lib/python2.7/posixpath.py", line 431, in relpath
    path_list = [x for x in abspath(path).split(sep) if x]
  File "/usr/local/Cellar/python@2/2.7.15_1/Frameworks/Python.framework/Versions/2.7/lib/python2.7/posixpath.py", line 360, in abspath
    if not isabs(path):
  File "/usr/local/Cellar/python@2/2.7.15_1/Frameworks/Python.framework/Versions/2.7/lib/python2.7/posixpath.py", line 54, in isabs
    return s.startswith('/')
AttributeError: 'builtin_function_or_method' object has no attribute 'startswith'
Starting main while loop in 4 seconds
unknown exception
Traceback (most recent call last):
  File "dirwatch.py", line 104, in main
    watch_directory(dir)
  File "dirwatch.py", line 42, in watch_directory
    directory = path.join([os.path.relpath(os.getcwd), "/", dir])
  File "/usr/local/Cellar/python@2/2.7.15_1/Frameworks/Python.framework/Versions/2.7/lib/python2.7/posixpath.py", line 431, in relpath
    path_list = [x for x in abspath(path).split(sep) if x]
  File "/usr/local/Cellar/python@2/2.7.15_1/Frameworks/Python.framework/Versions/2.7/lib/python2.7/posixpath.py", line 360, in abspath
    if not isabs(path):
  File "/usr/local/Cellar/python@2/2.7.15_1/Frameworks/Python.framework/Versions/2.7/lib/python2.7/posixpath.py", line 54, in isabs
    return s.startswith('/')
AttributeError: 'builtin_function_or_method' object has no attribute 'startswith'
Starting main while loop in 4 seconds
unknown exception
Traceback (most recent call last):
  File "dirwatch.py", line 104, in main
    watch_directory(dir)
  File "dirwatch.py", line 42, in watch_directory
    directory = path.join([os.path.relpath(os.getcwd), "/", dir])
  File "/usr/local/Cellar/python@2/2.7.15_1/Frameworks/Python.framework/Versions/2.7/lib/python2.7/posixpath.py", line 431, in relpath
    path_list = [x for x in abspath(path).split(sep) if x]
  File "/usr/local/Cellar/python@2/2.7.15_1/Frameworks/Python.framework/Versions/2.7/lib/python2.7/posixpath.py", line 360, in abspath
    if not isabs(path):
  File "/usr/local/Cellar/python@2/2.7.15_1/Frameworks/Python.framework/Versions/2.7/lib/python2.7/posixpath.py", line 54, in isabs
    return s.startswith('/')
AttributeError: 'builtin_function_or_method' object has no attribute 'startswith'
Starting main while loop in 4 seconds
unknown exception
Traceback (most recent call last):
  File "dirwatch.py", line 104, in main
    watch_directory(dir)
  File "dirwatch.py", line 42, in watch_directory
    directory = path.join([os.path.relpath(os.getcwd), "/", dir])
  File "/usr/local/Cellar/python@2/2.7.15_1/Frameworks/Python.framework/Versions/2.7/lib/python2.7/posixpath.py", line 431, in relpath
    path_list = [x for x in abspath(path).split(sep) if x]
  File "/usr/local/Cellar/python@2/2.7.15_1/Frameworks/Python.framework/Versions/2.7/lib/python2.7/posixpath.py", line 360, in abspath
    if not isabs(path):
  File "/usr/local/Cellar/python@2/2.7.15_1/Frameworks/Python.framework/Versions/2.7/lib/python2.7/posixpath.py", line 54, in isabs
    return s.startswith('/')
AttributeError: 'builtin_function_or_method' object has no attribute 'startswith'
Starting main while loop in 4 seconds
unknown exception
Traceback (most recent call last):
  File "dirwatch.py", line 104, in main
    watch_directory(dir)
  File "dirwatch.py", line 42, in watch_directory
    directory = path.join([os.path.relpath(os.getcwd), "/", dir])
  File "/usr/local/Cellar/python@2/2.7.15_1/Frameworks/Python.framework/Versions/2.7/lib/python2.7/posixpath.py", line 431, in relpath
    path_list = [x for x in abspath(path).split(sep) if x]
  File "/usr/local/Cellar/python@2/2.7.15_1/Frameworks/Python.framework/Versions/2.7/lib/python2.7/posixpath.py", line 360, in abspath
    if not isabs(path):
  File "/usr/local/Cellar/python@2/2.7.15_1/Frameworks/Python.framework/Versions/2.7/lib/python2.7/posixpath.py", line 54, in isabs
    return s.startswith('/')
AttributeError: 'builtin_function_or_method' object has no attribute 'startswith'
Starting main while loop in 4 seconds
unknown exception
Traceback (most recent call last):
  File "dirwatch.py", line 104, in main
    watch_directory(dir)
  File "dirwatch.py", line 42, in watch_directory
    directory = path.join([os.path.relpath(os.getcwd), "/", dir])
  File "/usr/local/Cellar/python@2/2.7.15_1/Frameworks/Python.framework/Versions/2.7/lib/python2.7/posixpath.py", line 431, in relpath
    path_list = [x for x in abspath(path).split(sep) if x]
  File "/usr/local/Cellar/python@2/2.7.15_1/Frameworks/Python.framework/Versions/2.7/lib/python2.7/posixpath.py", line 360, in abspath
    if not isabs(path):
  File "/usr/local/Cellar/python@2/2.7.15_1/Frameworks/Python.framework/Versions/2.7/lib/python2.7/posixpath.py", line 54, in isabs
    return s.startswith('/')
AttributeError: 'builtin_function_or_method' object has no attribute 'startswith'
Starting main while loop in 4 seconds
unknown exception
Traceback (most recent call last):
  File "dirwatch.py", line 104, in main
    watch_directory(dir)
  File "dirwatch.py", line 42, in watch_directory
    directory = path.join([os.path.relpath(os.getcwd), "/", dir])
  File "/usr/local/Cellar/python@2/2.7.15_1/Frameworks/Python.framework/Versions/2.7/lib/python2.7/posixpath.py", line 431, in relpath
    path_list = [x for x in abspath(path).split(sep) if x]
  File "/usr/local/Cellar/python@2/2.7.15_1/Frameworks/Python.framework/Versions/2.7/lib/python2.7/posixpath.py", line 360, in abspath
    if not isabs(path):
  File "/usr/local/Cellar/python@2/2.7.15_1/Frameworks/Python.framework/Versions/2.7/lib/python2.7/posixpath.py", line 54, in isabs
    return s.startswith('/')
AttributeError: 'builtin_function_or_method' object has no attribute 'startswith'
Starting main while loop in 4 seconds
unknown exception
Traceback (most recent call last):
  File "dirwatch.py", line 104, in main
    watch_directory(dir)
  File "dirwatch.py", line 42, in watch_directory
    directory = path.join([os.path.relpath(os.getcwd), "/", dir])
  File "/usr/local/Cellar/python@2/2.7.15_1/Frameworks/Python.framework/Versions/2.7/lib/python2.7/posixpath.py", line 431, in relpath
    path_list = [x for x in abspath(path).split(sep) if x]
  File "/usr/local/Cellar/python@2/2.7.15_1/Frameworks/Python.framework/Versions/2.7/lib/python2.7/posixpath.py", line 360, in abspath
    if not isabs(path):
  File "/usr/local/Cellar/python@2/2.7.15_1/Frameworks/Python.framework/Versions/2.7/lib/python2.7/posixpath.py", line 54, in isabs
    return s.startswith('/')
AttributeError: 'builtin_function_or_method' object has no attribute 'startswith'
Starting main while loop in 4 seconds
unknown exception
Traceback (most recent call last):
  File "dirwatch.py", line 104, in main
    watch_directory(dir)
  File "dirwatch.py", line 42, in watch_directory
    directory = path.join([os.path.relpath(os.getcwd), "/", dir])
  File "/usr/local/Cellar/python@2/2.7.15_1/Frameworks/Python.framework/Versions/2.7/lib/python2.7/posixpath.py", line 431, in relpath
    path_list = [x for x in abspath(path).split(sep) if x]
  File "/usr/local/Cellar/python@2/2.7.15_1/Frameworks/Python.framework/Versions/2.7/lib/python2.7/posixpath.py", line 360, in abspath
    if not isabs(path):
  File "/usr/local/Cellar/python@2/2.7.15_1/Frameworks/Python.framework/Versions/2.7/lib/python2.7/posixpath.py", line 54, in isabs
    return s.startswith('/')
AttributeError: 'builtin_function_or_method' object has no attribute 'startswith'
Starting main while loop in 4 seconds
unknown exception
Traceback (most recent call last):
  File "dirwatch.py", line 104, in main
    watch_directory(dir)
  File "dirwatch.py", line 42, in watch_directory
    directory = path.join([os.path.relpath(os.getcwd), "/", dir])
  File "/usr/local/Cellar/python@2/2.7.15_1/Frameworks/Python.framework/Versions/2.7/lib/python2.7/posixpath.py", line 431, in relpath
    path_list = [x for x in abspath(path).split(sep) if x]
  File "/usr/local/Cellar/python@2/2.7.15_1/Frameworks/Python.framework/Versions/2.7/lib/python2.7/posixpath.py", line 360, in abspath
    if not isabs(path):
  File "/usr/local/Cellar/python@2/2.7.15_1/Frameworks/Python.framework/Versions/2.7/lib/python2.7/posixpath.py", line 54, in isabs
    return s.startswith('/')
AttributeError: 'builtin_function_or_method' object has no attribute 'startswith'
Starting main while loop in 4 seconds
unknown exception
Traceback (most recent call last):
  File "dirwatch.py", line 104, in main
    watch_directory(dir)
  File "dirwatch.py", line 42, in watch_directory
    directory = path.join([os.path.relpath(os.getcwd), "/", dir])
  File "/usr/local/Cellar/python@2/2.7.15_1/Frameworks/Python.framework/Versions/2.7/lib/python2.7/posixpath.py", line 431, in relpath
    path_list = [x for x in abspath(path).split(sep) if x]
  File "/usr/local/Cellar/python@2/2.7.15_1/Frameworks/Python.framework/Versions/2.7/lib/python2.7/posixpath.py", line 360, in abspath
    if not isabs(path):
  File "/usr/local/Cellar/python@2/2.7.15_1/Frameworks/Python.framework/Versions/2.7/lib/python2.7/posixpath.py", line 54, in isabs
    return s.startswith('/')
AttributeError: 'builtin_function_or_method' object has no attribute 'startswith'
